2025-07-24 09:58:03,358 [1] WARN  Microsoft.EntityFrameworkCore.Model.Validation - Entity 'LeaveType' has a global query filter defined and is the required end of a relationship with the entity 'LeaveBalance'. This may lead to unexpected results when the required entity is filtered out. Either configure the navigation as optional, or define matching query filters for both entities in the navigation. See https://go.microsoft.com/fwlink/?linkid=2131316 for more information.
2025-07-24 09:58:03,369 [1] WARN  Microsoft.EntityFrameworkCore.Model.Validation - Entity 'User' has a global query filter defined and is the required end of a relationship with the entity 'LeaveRequestComment'. This may lead to unexpected results when the required entity is filtered out. Either configure the navigation as optional, or define matching query filters for both entities in the navigation. See https://go.microsoft.com/fwlink/?linkid=2131316 for more information.
2025-07-24 09:58:03,369 [1] WARN  Microsoft.EntityFrameworkCore.Model.Validation - Entity 'User' has a global query filter defined and is the required end of a relationship with the entity 'RefreshToken'. This may lead to unexpected results when the required entity is filtered out. Either configure the navigation as optional, or define matching query filters for both entities in the navigation. See https://go.microsoft.com/fwlink/?linkid=2131316 for more information.
2025-07-24 09:58:03,799 [1] INFO  Microsoft.EntityFrameworkCore.Database.Command - Executed DbCommand (39ms) [Parameters=[], CommandType='Text', CommandTimeout='30']
SELECT EXISTS (
    SELECT 1 FROM pg_catalog.pg_class c
    JOIN pg_catalog.pg_namespace n ON n.oid=c.relnamespace
    WHERE n.nspname='public' AND
          c.relname='__EFMigrationsHistory'
)
2025-07-24 09:58:03,827 [1] INFO  Microsoft.EntityFrameworkCore.Database.Command - Executed DbCommand (1ms) [Parameters=[], CommandType='Text', CommandTimeout='30']
SELECT EXISTS (
    SELECT 1 FROM pg_catalog.pg_class c
    JOIN pg_catalog.pg_namespace n ON n.oid=c.relnamespace
    WHERE n.nspname='public' AND
          c.relname='__EFMigrationsHistory'
)
2025-07-24 09:58:03,845 [1] INFO  Microsoft.EntityFrameworkCore.Database.Command - Executed DbCommand (3ms) [Parameters=[], CommandType='Text', CommandTimeout='30']
SELECT "MigrationId", "ProductVersion"
FROM "__EFMigrationsHistory"
ORDER BY "MigrationId";
2025-07-24 09:58:03,863 [1] INFO  Microsoft.EntityFrameworkCore.Migrations - No migrations were applied. The database is already up to date.
2025-07-24 09:58:04,231 [.NET TP Worker] INFO  Microsoft.EntityFrameworkCore.Database.Command - Executed DbCommand (13ms) [Parameters=[], CommandType='Text', CommandTimeout='30']
SELECT l."Id", l."CreatedAt", l."DeletedAt", l."EndDate", l."IsDeleted", l."LeaveTypeId", l."Reason", l."ReviewedById", l."StartDate", l."Status", l."UpdatedAt", l."UserId", t."Id", t."CreatedAt", t."CreatedBy", t."DeletedAt", t."Email", t."Gender", t."IsActive", t."IsDeleted", t."LastLoginAt", t."PasswordHash", t."Role", t."Username", t0."Id", t0."CreatedAt", t0."CreatedBy", t0."DeletedAt", t0."Description", t0."IsDeleted", t0."Name", t0."StandardLeaveCount", t0."UpdatedAt", t0."UpdatedBy", t1."Id", t1."CreatedAt", t1."CreatedBy", t1."DeletedAt", t1."Email", t1."Gender", t1."IsActive", t1."IsDeleted", t1."LastLoginAt", t1."PasswordHash", t1."Role", t1."Username", t2."Id", t2."DeletedAt", t2."FileContent", t2."FileName", t2."IsDeleted", t2."LeaveRequestId", t2."UploadedAt"
FROM "LeaveRequests" AS l
INNER JOIN (
    SELECT u."Id", u."CreatedAt", u."CreatedBy", u."DeletedAt", u."Email", u."Gender", u."IsActive", u."IsDeleted", u."LastLoginAt", u."PasswordHash", u."Role", u."Username"
    FROM "Users" AS u
    WHERE NOT (u."IsDeleted")
) AS t ON l."UserId" = t."Id"
INNER JOIN (
    SELECT l0."Id", l0."CreatedAt", l0."CreatedBy", l0."DeletedAt", l0."Description", l0."IsDeleted", l0."Name", l0."StandardLeaveCount", l0."UpdatedAt", l0."UpdatedBy"
    FROM "LeaveTypes" AS l0
    WHERE NOT (l0."IsDeleted")
) AS t0 ON l."LeaveTypeId" = t0."Id"
LEFT JOIN (
    SELECT u0."Id", u0."CreatedAt", u0."CreatedBy", u0."DeletedAt", u0."Email", u0."Gender", u0."IsActive", u0."IsDeleted", u0."LastLoginAt", u0."PasswordHash", u0."Role", u0."Username"
    FROM "Users" AS u0
    WHERE NOT (u0."IsDeleted")
) AS t1 ON l."ReviewedById" = t1."Id"
LEFT JOIN (
    SELECT l1."Id", l1."DeletedAt", l1."FileContent", l1."FileName", l1."IsDeleted", l1."LeaveRequestId", l1."UploadedAt"
    FROM "LeaveAttachments" AS l1
    WHERE NOT (l1."IsDeleted")
) AS t2 ON l."Id" = t2."LeaveRequestId"
WHERE NOT (l."IsDeleted")
ORDER BY l."Id", t."Id", t0."Id", t1."Id"
2025-07-24 09:58:04,285 [1] INFO  Microsoft.Hosting.Lifetime - Now listening on: http://localhost:5050
2025-07-24 09:58:04,288 [1] INFO  Microsoft.Hosting.Lifetime - Application started. Press Ctrl+C to shut down.
2025-07-24 09:58:04,288 [1] INFO  Microsoft.Hosting.Lifetime - Hosting environment: Development
2025-07-24 09:58:04,288 [1] INFO  Microsoft.Hosting.Lifetime - Content root path: /Users/roopanvishnu/Documents/GensparkTraining/Training/15-07/LeaveManagementSystem-Final/LeaveManagementSystem-With-Notification/LeaveManagementSystem
2025-07-24 10:08:09,993 [.NET TP Worker] INFO  LeaveManagementSystem.Middlewares.ExceptionHandlingMiddleware - [Incoming Request] Timestamp: 2025-07-24T04:38:09.9919990Z, Method: GET, Path: /api/v1/notifications/unread/08da3efe-f4b0-462e-9354-e9749fd13464, User: Anonymous
2025-07-24 10:08:10,151 [.NET TP Worker] INFO  Microsoft.EntityFrameworkCore.Database.Command - Executed DbCommand (5ms) [Parameters=[], CommandType='Text', CommandTimeout='30']
SELECT n."Id", n."CreatedAt", n."DeletedAt", n."IsDeleted", n."IsRead", n."Message", n."ReadAt", n."RecipientId", n."ReviewedById"
FROM "Notifications" AS n
WHERE NOT (n."IsDeleted")
2025-07-24 10:08:21,866 [.NET TP Worker] INFO  LeaveManagementSystem.Middlewares.ExceptionHandlingMiddleware - [Incoming Request] Timestamp: 2025-07-24T04:38:21.8663740Z, Method: POST, Path: /api/v1/auth/login, User: Anonymous
2025-07-24 10:08:22,008 [.NET TP Worker] INFO  Microsoft.EntityFrameworkCore.Database.Command - Executed DbCommand (1ms) [Parameters=[], CommandType='Text', CommandTimeout='30']
SELECT u."Id", u."CreatedAt", u."CreatedBy", u."DeletedAt", u."Email", u."Gender", u."IsActive", u."IsDeleted", u."LastLoginAt", u."PasswordHash", u."Role", u."Username"
FROM "Users" AS u
WHERE NOT (u."IsDeleted")
2025-07-24 10:08:22,878 [.NET TP Worker] INFO  Microsoft.EntityFrameworkCore.Database.Command - Executed DbCommand (23ms) [Parameters=[@p0='?' (DbType = Guid), @p1='?' (DbType = DateTime), @p2='?' (DbType = Boolean), @p3='?', @p4='?' (DbType = Guid)], CommandType='Text', CommandTimeout='30']
INSERT INTO "RefreshTokens" ("Id", "ExpiresAt", "IsRevoked", "Token", "UserId")
VALUES (@p0, @p1, @p2, @p3, @p4);
2025-07-24 10:08:22,887 [.NET TP Worker] INFO  LeaveManagementSystem.Services.AuthenticationService - User roovis2003@gmail.com logged in successfully
2025-07-24 10:08:22,893 [.NET TP Worker] INFO  LeaveManagementSystem.Controllers.AuthenticationController - User roovis2003@gmail.com logged in successfully.
2025-07-24 10:08:22,934 [.NET TP Worker] INFO  LeaveManagementSystem.Middlewares.ExceptionHandlingMiddleware - [Incoming Request] Timestamp: 2025-07-24T04:38:22.9349030Z, Method: GET, Path: /api/v1/Users, User: Roopan
2025-07-24 10:08:22,934 [.NET TP Worker] INFO  LeaveManagementSystem.Middlewares.ExceptionHandlingMiddleware - [Incoming Request] Timestamp: 2025-07-24T04:38:22.9349060Z, Method: GET, Path: /api/v1/leavetypes, User: Roopan
2025-07-24 10:08:22,941 [.NET TP Worker] INFO  LeaveManagementSystem.Middlewares.ExceptionHandlingMiddleware - [Incoming Request] Timestamp: 2025-07-24T04:38:22.9418380Z, Method: GET, Path: /api/v1/leave-requests, User: Roopan
2025-07-24 10:08:22,942 [.NET TP Worker] INFO  LeaveManagementSystem.Controllers.LeaveTypeController - Fetching all leave types with pagination.
2025-07-24 10:08:22,947 [.NET TP Worker] INFO  LeaveManagementSystem.Controllers.UsersController - Fetching all users with pagination parameters.
2025-07-24 10:08:22,952 [.NET TP Worker] INFO  Microsoft.EntityFrameworkCore.Database.Command - Executed DbCommand (1ms) [Parameters=[], CommandType='Text', CommandTimeout='30']
SELECT u."Id", u."CreatedAt", u."CreatedBy", u."DeletedAt", u."Email", u."Gender", u."IsActive", u."IsDeleted", u."LastLoginAt", u."PasswordHash", u."Role", u."Username"
FROM "Users" AS u
WHERE NOT (u."IsDeleted")
2025-07-24 10:08:22,952 [.NET TP Worker] INFO  LeaveManagementSystem.Controllers.LeaveRequestController - Fetching all leave requests with pagination, search, filter, sort parameters.
2025-07-24 10:08:22,965 [.NET TP Worker] INFO  Microsoft.EntityFrameworkCore.Database.Command - Executed DbCommand (3ms) [Parameters=[], CommandType='Text', CommandTimeout='30']
SELECT l."Id", l."CreatedAt", l."CreatedBy", l."DeletedAt", l."Description", l."IsDeleted", l."Name", l."StandardLeaveCount", l."UpdatedAt", l."UpdatedBy"
FROM "LeaveTypes" AS l
WHERE NOT (l."IsDeleted")
2025-07-24 10:08:22,965 [.NET TP Worker] INFO  Microsoft.EntityFrameworkCore.Database.Command - Executed DbCommand (5ms) [Parameters=[], CommandType='Text', CommandTimeout='30']
SELECT l."Id", l."CreatedAt", l."DeletedAt", l."EndDate", l."IsDeleted", l."LeaveTypeId", l."Reason", l."ReviewedById", l."StartDate", l."Status", l."UpdatedAt", l."UserId", t."Id", t."CreatedAt", t."CreatedBy", t."DeletedAt", t."Email", t."Gender", t."IsActive", t."IsDeleted", t."LastLoginAt", t."PasswordHash", t."Role", t."Username", t0."Id", t0."CreatedAt", t0."CreatedBy", t0."DeletedAt", t0."Description", t0."IsDeleted", t0."Name", t0."StandardLeaveCount", t0."UpdatedAt", t0."UpdatedBy", t1."Id", t1."CreatedAt", t1."CreatedBy", t1."DeletedAt", t1."Email", t1."Gender", t1."IsActive", t1."IsDeleted", t1."LastLoginAt", t1."PasswordHash", t1."Role", t1."Username", t2."Id", t2."DeletedAt", t2."FileContent", t2."FileName", t2."IsDeleted", t2."LeaveRequestId", t2."UploadedAt"
FROM "LeaveRequests" AS l
INNER JOIN (
    SELECT u."Id", u."CreatedAt", u."CreatedBy", u."DeletedAt", u."Email", u."Gender", u."IsActive", u."IsDeleted", u."LastLoginAt", u."PasswordHash", u."Role", u."Username"
    FROM "Users" AS u
    WHERE NOT (u."IsDeleted")
) AS t ON l."UserId" = t."Id"
INNER JOIN (
    SELECT l0."Id", l0."CreatedAt", l0."CreatedBy", l0."DeletedAt", l0."Description", l0."IsDeleted", l0."Name", l0."StandardLeaveCount", l0."UpdatedAt", l0."UpdatedBy"
    FROM "LeaveTypes" AS l0
    WHERE NOT (l0."IsDeleted")
) AS t0 ON l."LeaveTypeId" = t0."Id"
LEFT JOIN (
    SELECT u0."Id", u0."CreatedAt", u0."CreatedBy", u0."DeletedAt", u0."Email", u0."Gender", u0."IsActive", u0."IsDeleted", u0."LastLoginAt", u0."PasswordHash", u0."Role", u0."Username"
    FROM "Users" AS u0
    WHERE NOT (u0."IsDeleted")
) AS t1 ON l."ReviewedById" = t1."Id"
LEFT JOIN (
    SELECT l1."Id", l1."DeletedAt", l1."FileContent", l1."FileName", l1."IsDeleted", l1."LeaveRequestId", l1."UploadedAt"
    FROM "LeaveAttachments" AS l1
    WHERE NOT (l1."IsDeleted")
) AS t2 ON l."Id" = t2."LeaveRequestId"
WHERE NOT (l."IsDeleted")
ORDER BY l."Id", t."Id", t0."Id", t1."Id"
2025-07-24 10:08:22,986 [.NET TP Worker] INFO  LeaveManagementSystem.Middlewares.ExceptionHandlingMiddleware - [Incoming Request] Timestamp: 2025-07-24T04:38:22.9868210Z, Method: GET, Path: /api/v1/leavetypes, User: Roopan
2025-07-24 10:08:22,987 [.NET TP Worker] INFO  LeaveManagementSystem.Controllers.LeaveTypeController - Fetching all leave types with pagination.
2025-07-24 10:08:22,989 [.NET TP Worker] INFO  Microsoft.EntityFrameworkCore.Database.Command - Executed DbCommand (1ms) [Parameters=[], CommandType='Text', CommandTimeout='30']
SELECT l."Id", l."CreatedAt", l."CreatedBy", l."DeletedAt", l."Description", l."IsDeleted", l."Name", l."StandardLeaveCount", l."UpdatedAt", l."UpdatedBy"
FROM "LeaveTypes" AS l
WHERE NOT (l."IsDeleted")
2025-07-24 10:08:23,027 [.NET TP Worker] INFO  LeaveManagementSystem.Middlewares.ExceptionHandlingMiddleware - [Incoming Request] Timestamp: 2025-07-24T04:38:23.0271860Z, Method: GET, Path: /api/v1/leave-requests, User: Roopan
2025-07-24 10:08:23,029 [.NET TP Worker] INFO  LeaveManagementSystem.Controllers.LeaveRequestController - Fetching all leave requests with pagination, search, filter, sort parameters.
2025-07-24 10:08:23,038 [.NET TP Worker] INFO  Microsoft.EntityFrameworkCore.Database.Command - Executed DbCommand (7ms) [Parameters=[], CommandType='Text', CommandTimeout='30']
SELECT l."Id", l."CreatedAt", l."DeletedAt", l."EndDate", l."IsDeleted", l."LeaveTypeId", l."Reason", l."ReviewedById", l."StartDate", l."Status", l."UpdatedAt", l."UserId", t."Id", t."CreatedAt", t."CreatedBy", t."DeletedAt", t."Email", t."Gender", t."IsActive", t."IsDeleted", t."LastLoginAt", t."PasswordHash", t."Role", t."Username", t0."Id", t0."CreatedAt", t0."CreatedBy", t0."DeletedAt", t0."Description", t0."IsDeleted", t0."Name", t0."StandardLeaveCount", t0."UpdatedAt", t0."UpdatedBy", t1."Id", t1."CreatedAt", t1."CreatedBy", t1."DeletedAt", t1."Email", t1."Gender", t1."IsActive", t1."IsDeleted", t1."LastLoginAt", t1."PasswordHash", t1."Role", t1."Username", t2."Id", t2."DeletedAt", t2."FileContent", t2."FileName", t2."IsDeleted", t2."LeaveRequestId", t2."UploadedAt"
FROM "LeaveRequests" AS l
INNER JOIN (
    SELECT u."Id", u."CreatedAt", u."CreatedBy", u."DeletedAt", u."Email", u."Gender", u."IsActive", u."IsDeleted", u."LastLoginAt", u."PasswordHash", u."Role", u."Username"
    FROM "Users" AS u
    WHERE NOT (u."IsDeleted")
) AS t ON l."UserId" = t."Id"
INNER JOIN (
    SELECT l0."Id", l0."CreatedAt", l0."CreatedBy", l0."DeletedAt", l0."Description", l0."IsDeleted", l0."Name", l0."StandardLeaveCount", l0."UpdatedAt", l0."UpdatedBy"
    FROM "LeaveTypes" AS l0
    WHERE NOT (l0."IsDeleted")
) AS t0 ON l."LeaveTypeId" = t0."Id"
LEFT JOIN (
    SELECT u0."Id", u0."CreatedAt", u0."CreatedBy", u0."DeletedAt", u0."Email", u0."Gender", u0."IsActive", u0."IsDeleted", u0."LastLoginAt", u0."PasswordHash", u0."Role", u0."Username"
    FROM "Users" AS u0
    WHERE NOT (u0."IsDeleted")
) AS t1 ON l."ReviewedById" = t1."Id"
LEFT JOIN (
    SELECT l1."Id", l1."DeletedAt", l1."FileContent", l1."FileName", l1."IsDeleted", l1."LeaveRequestId", l1."UploadedAt"
    FROM "LeaveAttachments" AS l1
    WHERE NOT (l1."IsDeleted")
) AS t2 ON l."Id" = t2."LeaveRequestId"
WHERE NOT (l."IsDeleted")
ORDER BY l."Id", t."Id", t0."Id", t1."Id"
2025-07-24 10:08:26,076 [.NET TP Worker] INFO  LeaveManagementSystem.Middlewares.ExceptionHandlingMiddleware - [Incoming Request] Timestamp: 2025-07-24T04:38:26.0765820Z, Method: GET, Path: /api/v1/leave-requests, User: Roopan
2025-07-24 10:08:26,086 [.NET TP Worker] INFO  LeaveManagementSystem.Controllers.LeaveRequestController - Fetching all leave requests with pagination, search, filter, sort parameters.
2025-07-24 10:08:26,093 [.NET TP Worker] INFO  Microsoft.EntityFrameworkCore.Database.Command - Executed DbCommand (5ms) [Parameters=[], CommandType='Text', CommandTimeout='30']
SELECT l."Id", l."CreatedAt", l."DeletedAt", l."EndDate", l."IsDeleted", l."LeaveTypeId", l."Reason", l."ReviewedById", l."StartDate", l."Status", l."UpdatedAt", l."UserId", t."Id", t."CreatedAt", t."CreatedBy", t."DeletedAt", t."Email", t."Gender", t."IsActive", t."IsDeleted", t."LastLoginAt", t."PasswordHash", t."Role", t."Username", t0."Id", t0."CreatedAt", t0."CreatedBy", t0."DeletedAt", t0."Description", t0."IsDeleted", t0."Name", t0."StandardLeaveCount", t0."UpdatedAt", t0."UpdatedBy", t1."Id", t1."CreatedAt", t1."CreatedBy", t1."DeletedAt", t1."Email", t1."Gender", t1."IsActive", t1."IsDeleted", t1."LastLoginAt", t1."PasswordHash", t1."Role", t1."Username", t2."Id", t2."DeletedAt", t2."FileContent", t2."FileName", t2."IsDeleted", t2."LeaveRequestId", t2."UploadedAt"
FROM "LeaveRequests" AS l
INNER JOIN (
    SELECT u."Id", u."CreatedAt", u."CreatedBy", u."DeletedAt", u."Email", u."Gender", u."IsActive", u."IsDeleted", u."LastLoginAt", u."PasswordHash", u."Role", u."Username"
    FROM "Users" AS u
    WHERE NOT (u."IsDeleted")
) AS t ON l."UserId" = t."Id"
INNER JOIN (
    SELECT l0."Id", l0."CreatedAt", l0."CreatedBy", l0."DeletedAt", l0."Description", l0."IsDeleted", l0."Name", l0."StandardLeaveCount", l0."UpdatedAt", l0."UpdatedBy"
    FROM "LeaveTypes" AS l0
    WHERE NOT (l0."IsDeleted")
) AS t0 ON l."LeaveTypeId" = t0."Id"
LEFT JOIN (
    SELECT u0."Id", u0."CreatedAt", u0."CreatedBy", u0."DeletedAt", u0."Email", u0."Gender", u0."IsActive", u0."IsDeleted", u0."LastLoginAt", u0."PasswordHash", u0."Role", u0."Username"
    FROM "Users" AS u0
    WHERE NOT (u0."IsDeleted")
) AS t1 ON l."ReviewedById" = t1."Id"
LEFT JOIN (
    SELECT l1."Id", l1."DeletedAt", l1."FileContent", l1."FileName", l1."IsDeleted", l1."LeaveRequestId", l1."UploadedAt"
    FROM "LeaveAttachments" AS l1
    WHERE NOT (l1."IsDeleted")
) AS t2 ON l."Id" = t2."LeaveRequestId"
WHERE NOT (l."IsDeleted")
ORDER BY l."Id", t."Id", t0."Id", t1."Id"
2025-07-24 10:08:27,677 [.NET TP Worker] INFO  LeaveManagementSystem.Middlewares.ExceptionHandlingMiddleware - [Incoming Request] Timestamp: 2025-07-24T04:38:27.6776630Z, Method: GET, Path: /api/v1/leave-requests/ae8326aa-f225-41b4-bc17-0f74850ca5d7, User: Roopan
2025-07-24 10:08:27,684 [.NET TP Worker] INFO  LeaveManagementSystem.Controllers.LeaveRequestController - Fetching leave request with ID: ae8326aa-f225-41b4-bc17-0f74850ca5d7
2025-07-24 10:08:27,728 [.NET TP Worker] INFO  Microsoft.EntityFrameworkCore.Database.Command - Executed DbCommand (2ms) [Parameters=[@__key_0='?' (DbType = Guid)], CommandType='Text', CommandTimeout='30']
SELECT t2."Id", t2."CreatedAt", t2."DeletedAt", t2."EndDate", t2."IsDeleted", t2."LeaveTypeId", t2."Reason", t2."ReviewedById", t2."StartDate", t2."Status", t2."UpdatedAt", t2."UserId", t2."Id0", t2."CreatedAt0", t2."CreatedBy", t2."DeletedAt0", t2."Email", t2."Gender", t2."IsActive", t2."IsDeleted0", t2."LastLoginAt", t2."PasswordHash", t2."Role", t2."Username", t2."Id1", t2."CreatedAt1", t2."CreatedBy0", t2."DeletedAt1", t2."Description", t2."IsDeleted1", t2."Name", t2."StandardLeaveCount", t2."UpdatedAt0", t2."UpdatedBy", t2."Id2", t2."CreatedAt2", t2."CreatedBy1", t2."DeletedAt2", t2."Email0", t2."Gender0", t2."IsActive0", t2."IsDeleted2", t2."LastLoginAt0", t2."PasswordHash0", t2."Role0", t2."Username0", t3."Id", t3."DeletedAt", t3."FileContent", t3."FileName", t3."IsDeleted", t3."LeaveRequestId", t3."UploadedAt"
FROM (
    SELECT l."Id", l."CreatedAt", l."DeletedAt", l."EndDate", l."IsDeleted", l."LeaveTypeId", l."Reason", l."ReviewedById", l."StartDate", l."Status", l."UpdatedAt", l."UserId", t."Id" AS "Id0", t."CreatedAt" AS "CreatedAt0", t."CreatedBy", t."DeletedAt" AS "DeletedAt0", t."Email", t."Gender", t."IsActive", t."IsDeleted" AS "IsDeleted0", t."LastLoginAt", t."PasswordHash", t."Role", t."Username", t0."Id" AS "Id1", t0."CreatedAt" AS "CreatedAt1", t0."CreatedBy" AS "CreatedBy0", t0."DeletedAt" AS "DeletedAt1", t0."Description", t0."IsDeleted" AS "IsDeleted1", t0."Name", t0."StandardLeaveCount", t0."UpdatedAt" AS "UpdatedAt0", t0."UpdatedBy", t1."Id" AS "Id2", t1."CreatedAt" AS "CreatedAt2", t1."CreatedBy" AS "CreatedBy1", t1."DeletedAt" AS "DeletedAt2", t1."Email" AS "Email0", t1."Gender" AS "Gender0", t1."IsActive" AS "IsActive0", t1."IsDeleted" AS "IsDeleted2", t1."LastLoginAt" AS "LastLoginAt0", t1."PasswordHash" AS "PasswordHash0", t1."Role" AS "Role0", t1."Username" AS "Username0"
    FROM "LeaveRequests" AS l
    INNER JOIN (
        SELECT u."Id", u."CreatedAt", u."CreatedBy", u."DeletedAt", u."Email", u."Gender", u."IsActive", u."IsDeleted", u."LastLoginAt", u."PasswordHash", u."Role", u."Username"
        FROM "Users" AS u
        WHERE NOT (u."IsDeleted")
    ) AS t ON l."UserId" = t."Id"
    INNER JOIN (
        SELECT l0."Id", l0."CreatedAt", l0."CreatedBy", l0."DeletedAt", l0."Description", l0."IsDeleted", l0."Name", l0."StandardLeaveCount", l0."UpdatedAt", l0."UpdatedBy"
        FROM "LeaveTypes" AS l0
        WHERE NOT (l0."IsDeleted")
    ) AS t0 ON l."LeaveTypeId" = t0."Id"
    LEFT JOIN (
        SELECT u0."Id", u0."CreatedAt", u0."CreatedBy", u0."DeletedAt", u0."Email", u0."Gender", u0."IsActive", u0."IsDeleted", u0."LastLoginAt", u0."PasswordHash", u0."Role", u0."Username"
        FROM "Users" AS u0
        WHERE NOT (u0."IsDeleted")
    ) AS t1 ON l."ReviewedById" = t1."Id"
    WHERE NOT (l."IsDeleted") AND l."Id" = @__key_0
    LIMIT 1
) AS t2
LEFT JOIN (
    SELECT l1."Id", l1."DeletedAt", l1."FileContent", l1."FileName", l1."IsDeleted", l1."LeaveRequestId", l1."UploadedAt"
    FROM "LeaveAttachments" AS l1
    WHERE NOT (l1."IsDeleted")
) AS t3 ON t2."Id" = t3."LeaveRequestId"
ORDER BY t2."Id", t2."Id0", t2."Id1", t2."Id2"
2025-07-24 10:08:27,738 [.NET TP Worker] INFO  LeaveManagementSystem.Middlewares.ExceptionHandlingMiddleware - [Incoming Request] Timestamp: 2025-07-24T04:38:27.7385020Z, Method: GET, Path: /api/v1/leave-attachments/by-leave-request/ae8326aa-f225-41b4-bc17-0f74850ca5d7, User: Roopan
2025-07-24 10:08:27,739 [.NET TP Worker] INFO  LeaveManagementSystem.Middlewares.ExceptionHandlingMiddleware - [Incoming Request] Timestamp: 2025-07-24T04:38:27.7396600Z, Method: GET, Path: /api/v1/leave-balance/user/394381f0-2817-4544-90f1-938149322be1/leaveType/0db4c90f-3394-4ad9-a850-a5435d9b2412, User: Roopan
2025-07-24 10:08:27,740 [.NET TP Worker] INFO  LeaveManagementSystem.Middlewares.ExceptionHandlingMiddleware - [Incoming Request] Timestamp: 2025-07-24T04:38:27.7404890Z, Method: GET, Path: /api/v1/leave-requests/ae8326aa-f225-41b4-bc17-0f74850ca5d7/admin-override-comment, User: Roopan
2025-07-24 10:08:27,745 [.NET TP Worker] INFO  LeaveManagementSystem.Controllers.LeaveAttachmentController - Fetching attachments for LeaveRequestId: ae8326aa-f225-41b4-bc17-0f74850ca5d7
2025-07-24 10:08:27,746 [.NET TP Worker] INFO  LeaveManagementSystem.Controllers.LeaveBalanceController - Fetching leave balance for user ID: 394381f0-2817-4544-90f1-938149322be1 and leave type ID: 0db4c90f-3394-4ad9-a850-a5435d9b2412
2025-07-24 10:08:27,760 [.NET TP Worker] INFO  Microsoft.EntityFrameworkCore.Database.Command - Executed DbCommand (13ms) [Parameters=[@__key_0='?' (DbType = Guid)], CommandType='Text', CommandTimeout='30']
SELECT t2."Id", t2."CreatedAt", t2."DeletedAt", t2."EndDate", t2."IsDeleted", t2."LeaveTypeId", t2."Reason", t2."ReviewedById", t2."StartDate", t2."Status", t2."UpdatedAt", t2."UserId", t2."Id0", t2."CreatedAt0", t2."CreatedBy", t2."DeletedAt0", t2."Email", t2."Gender", t2."IsActive", t2."IsDeleted0", t2."LastLoginAt", t2."PasswordHash", t2."Role", t2."Username", t2."Id1", t2."CreatedAt1", t2."CreatedBy0", t2."DeletedAt1", t2."Description", t2."IsDeleted1", t2."Name", t2."StandardLeaveCount", t2."UpdatedAt0", t2."UpdatedBy", t2."Id2", t2."CreatedAt2", t2."CreatedBy1", t2."DeletedAt2", t2."Email0", t2."Gender0", t2."IsActive0", t2."IsDeleted2", t2."LastLoginAt0", t2."PasswordHash0", t2."Role0", t2."Username0", t3."Id", t3."DeletedAt", t3."FileContent", t3."FileName", t3."IsDeleted", t3."LeaveRequestId", t3."UploadedAt"
FROM (
    SELECT l."Id", l."CreatedAt", l."DeletedAt", l."EndDate", l."IsDeleted", l."LeaveTypeId", l."Reason", l."ReviewedById", l."StartDate", l."Status", l."UpdatedAt", l."UserId", t."Id" AS "Id0", t."CreatedAt" AS "CreatedAt0", t."CreatedBy", t."DeletedAt" AS "DeletedAt0", t."Email", t."Gender", t."IsActive", t."IsDeleted" AS "IsDeleted0", t."LastLoginAt", t."PasswordHash", t."Role", t."Username", t0."Id" AS "Id1", t0."CreatedAt" AS "CreatedAt1", t0."CreatedBy" AS "CreatedBy0", t0."DeletedAt" AS "DeletedAt1", t0."Description", t0."IsDeleted" AS "IsDeleted1", t0."Name", t0."StandardLeaveCount", t0."UpdatedAt" AS "UpdatedAt0", t0."UpdatedBy", t1."Id" AS "Id2", t1."CreatedAt" AS "CreatedAt2", t1."CreatedBy" AS "CreatedBy1", t1."DeletedAt" AS "DeletedAt2", t1."Email" AS "Email0", t1."Gender" AS "Gender0", t1."IsActive" AS "IsActive0", t1."IsDeleted" AS "IsDeleted2", t1."LastLoginAt" AS "LastLoginAt0", t1."PasswordHash" AS "PasswordHash0", t1."Role" AS "Role0", t1."Username" AS "Username0"
    FROM "LeaveRequests" AS l
    INNER JOIN (
        SELECT u."Id", u."CreatedAt", u."CreatedBy", u."DeletedAt", u."Email", u."Gender", u."IsActive", u."IsDeleted", u."LastLoginAt", u."PasswordHash", u."Role", u."Username"
        FROM "Users" AS u
        WHERE NOT (u."IsDeleted")
    ) AS t ON l."UserId" = t."Id"
    INNER JOIN (
        SELECT l0."Id", l0."CreatedAt", l0."CreatedBy", l0."DeletedAt", l0."Description", l0."IsDeleted", l0."Name", l0."StandardLeaveCount", l0."UpdatedAt", l0."UpdatedBy"
        FROM "LeaveTypes" AS l0
        WHERE NOT (l0."IsDeleted")
    ) AS t0 ON l."LeaveTypeId" = t0."Id"
    LEFT JOIN (
        SELECT u0."Id", u0."CreatedAt", u0."CreatedBy", u0."DeletedAt", u0."Email", u0."Gender", u0."IsActive", u0."IsDeleted", u0."LastLoginAt", u0."PasswordHash", u0."Role", u0."Username"
        FROM "Users" AS u0
        WHERE NOT (u0."IsDeleted")
    ) AS t1 ON l."ReviewedById" = t1."Id"
    WHERE NOT (l."IsDeleted") AND l."Id" = @__key_0
    LIMIT 1
) AS t2
LEFT JOIN (
    SELECT l1."Id", l1."DeletedAt", l1."FileContent", l1."FileName", l1."IsDeleted", l1."LeaveRequestId", l1."UploadedAt"
    FROM "LeaveAttachments" AS l1
    WHERE NOT (l1."IsDeleted")
) AS t3 ON t2."Id" = t3."LeaveRequestId"
ORDER BY t2."Id", t2."Id0", t2."Id1", t2."Id2"
2025-07-24 10:08:27,777 [.NET TP Worker] INFO  Microsoft.EntityFrameworkCore.Database.Command - Executed DbCommand (6ms) [Parameters=[], CommandType='Text', CommandTimeout='30']
SELECT l."Id", l."DeletedAt", l."FileContent", l."FileName", l."IsDeleted", l."LeaveRequestId", l."UploadedAt", t."Id", t."CreatedAt", t."DeletedAt", t."EndDate", t."IsDeleted", t."LeaveTypeId", t."Reason", t."ReviewedById", t."StartDate", t."Status", t."UpdatedAt", t."UserId"
FROM "LeaveAttachments" AS l
INNER JOIN (
    SELECT l0."Id", l0."CreatedAt", l0."DeletedAt", l0."EndDate", l0."IsDeleted", l0."LeaveTypeId", l0."Reason", l0."ReviewedById", l0."StartDate", l0."Status", l0."UpdatedAt", l0."UserId"
    FROM "LeaveRequests" AS l0
    WHERE NOT (l0."IsDeleted")
) AS t ON l."LeaveRequestId" = t."Id"
WHERE NOT (l."IsDeleted")
2025-07-24 10:08:27,778 [.NET TP Worker] WARN  LeaveManagementSystem.Controllers.LeaveAttachmentController - No attachments found for LeaveRequestId: ae8326aa-f225-41b4-bc17-0f74850ca5d7
2025-07-24 10:08:27,782 [.NET TP Worker] WARN  Microsoft.EntityFrameworkCore.Query - Compiling a query which loads related collections for more than one collection navigation, either via 'Include' or through projection, but no 'QuerySplittingBehavior' has been configured. By default, Entity Framework will use 'QuerySplittingBehavior.SingleQuery', which can potentially result in slow query performance. See https://go.microsoft.com/fwlink/?linkid=2134277 for more information. To identify the query that's triggering this warning call 'ConfigureWarnings(w => w.Throw(RelationalEventId.MultipleCollectionIncludeWarning))'.
2025-07-24 10:08:27,784 [.NET TP Worker] INFO  Microsoft.EntityFrameworkCore.Database.Command - Executed DbCommand (4ms) [Parameters=[@__leaveRequestId_0='?' (DbType = Guid)], CommandType='Text', CommandTimeout='30']
SELECT l."Id", l."AdminId", l."Comment", l."CreatedAt", l."LeaveRequestId"
FROM "LeaveRequestComments" AS l
WHERE l."LeaveRequestId" = @__leaveRequestId_0 AND l."AdminId" <> '00000000-0000-0000-0000-000000000000'
ORDER BY l."CreatedAt" DESC
LIMIT 1
2025-07-24 10:08:27,800 [.NET TP Worker] INFO  Microsoft.EntityFrameworkCore.Database.Command - Executed DbCommand (10ms) [Parameters=[@__key_0='?' (DbType = Guid)], CommandType='Text', CommandTimeout='30']
SELECT t."Id", t."CreatedAt", t."CreatedBy", t."DeletedAt", t."Email", t."Gender", t."IsActive", t."IsDeleted", t."LastLoginAt", t."PasswordHash", t."Role", t."Username", t0."Id", t0."LeaveTypeId", t0."TotalLeaves", t0."UsedLeaves", t0."UserId", t0."Id0", t0."CreatedAt", t0."CreatedBy", t0."DeletedAt", t0."Description", t0."IsDeleted", t0."Name", t0."StandardLeaveCount", t0."UpdatedAt", t0."UpdatedBy", t2."Id", t2."CreatedAt", t2."DeletedAt", t2."EndDate", t2."IsDeleted", t2."LeaveTypeId", t2."Reason", t2."ReviewedById", t2."StartDate", t2."Status", t2."UpdatedAt", t2."UserId", t2."Id0", t2."CreatedAt0", t2."CreatedBy", t2."DeletedAt0", t2."Description", t2."IsDeleted0", t2."Name", t2."StandardLeaveCount", t2."UpdatedAt0", t2."UpdatedBy", t2."Id1", t2."CreatedAt1", t2."CreatedBy0", t2."DeletedAt1", t2."Email", t2."Gender", t2."IsActive", t2."IsDeleted1", t2."LastLoginAt", t2."PasswordHash", t2."Role", t2."Username"
FROM (
    SELECT u."Id", u."CreatedAt", u."CreatedBy", u."DeletedAt", u."Email", u."Gender", u."IsActive", u."IsDeleted", u."LastLoginAt", u."PasswordHash", u."Role", u."Username"
    FROM "Users" AS u
    WHERE NOT (u."IsDeleted") AND u."Id" = @__key_0 AND NOT (u."IsDeleted")
    LIMIT 1
) AS t
LEFT JOIN (
    SELECT l."Id", l."LeaveTypeId", l."TotalLeaves", l."UsedLeaves", l."UserId", t1."Id" AS "Id0", t1."CreatedAt", t1."CreatedBy", t1."DeletedAt", t1."Description", t1."IsDeleted", t1."Name", t1."StandardLeaveCount", t1."UpdatedAt", t1."UpdatedBy"
    FROM "LeaveBalances" AS l
    INNER JOIN (
        SELECT l0."Id", l0."CreatedAt", l0."CreatedBy", l0."DeletedAt", l0."Description", l0."IsDeleted", l0."Name", l0."StandardLeaveCount", l0."UpdatedAt", l0."UpdatedBy"
        FROM "LeaveTypes" AS l0
        WHERE NOT (l0."IsDeleted")
    ) AS t1 ON l."LeaveTypeId" = t1."Id"
) AS t0 ON t."Id" = t0."UserId"
LEFT JOIN (
    SELECT l1."Id", l1."CreatedAt", l1."DeletedAt", l1."EndDate", l1."IsDeleted", l1."LeaveTypeId", l1."Reason", l1."ReviewedById", l1."StartDate", l1."Status", l1."UpdatedAt", l1."UserId", t3."Id" AS "Id0", t3."CreatedAt" AS "CreatedAt0", t3."CreatedBy", t3."DeletedAt" AS "DeletedAt0", t3."Description", t3."IsDeleted" AS "IsDeleted0", t3."Name", t3."StandardLeaveCount", t3."UpdatedAt" AS "UpdatedAt0", t3."UpdatedBy", t4."Id" AS "Id1", t4."CreatedAt" AS "CreatedAt1", t4."CreatedBy" AS "CreatedBy0", t4."DeletedAt" AS "DeletedAt1", t4."Email", t4."Gender", t4."IsActive", t4."IsDeleted" AS "IsDeleted1", t4."LastLoginAt", t4."PasswordHash", t4."Role", t4."Username"
    FROM "LeaveRequests" AS l1
    INNER JOIN (
        SELECT l2."Id", l2."CreatedAt", l2."CreatedBy", l2."DeletedAt", l2."Description", l2."IsDeleted", l2."Name", l2."StandardLeaveCount", l2."UpdatedAt", l2."UpdatedBy"
        FROM "LeaveTypes" AS l2
        WHERE NOT (l2."IsDeleted")
    ) AS t3 ON l1."LeaveTypeId" = t3."Id"
    LEFT JOIN (
        SELECT u0."Id", u0."CreatedAt", u0."CreatedBy", u0."DeletedAt", u0."Email", u0."Gender", u0."IsActive", u0."IsDeleted", u0."LastLoginAt", u0."PasswordHash", u0."Role", u0."Username"
        FROM "Users" AS u0
        WHERE NOT (u0."IsDeleted")
    ) AS t4 ON l1."ReviewedById" = t4."Id"
    WHERE NOT (l1."IsDeleted")
) AS t2 ON t."Id" = t2."UserId"
ORDER BY t."Id", t0."Id", t0."Id0", t2."Id", t2."Id0"
2025-07-24 10:08:34,511 [.NET TP Worker] INFO  LeaveManagementSystem.Middlewares.ExceptionHandlingMiddleware - [Incoming Request] Timestamp: 2025-07-24T04:38:34.5116190Z, Method: GET, Path: /api/v1/notifications/unread/0d1f064b-6d80-4978-a3db-f097e55ab15b, User: Roopan
2025-07-24 10:08:34,514 [.NET TP Worker] INFO  Microsoft.EntityFrameworkCore.Database.Command - Executed DbCommand (2ms) [Parameters=[], CommandType='Text', CommandTimeout='30']
SELECT n."Id", n."CreatedAt", n."DeletedAt", n."IsDeleted", n."IsRead", n."Message", n."ReadAt", n."RecipientId", n."ReviewedById"
FROM "Notifications" AS n
WHERE NOT (n."IsDeleted")
2025-07-24 10:08:34,547 [.NET TP Worker] INFO  LeaveManagementSystem.Middlewares.ExceptionHandlingMiddleware - [Incoming Request] Timestamp: 2025-07-24T04:38:34.5476320Z, Method: GET, Path: /api/v1/leave-requests/ae8326aa-f225-41b4-bc17-0f74850ca5d7, User: Roopan
2025-07-24 10:08:34,548 [.NET TP Worker] INFO  LeaveManagementSystem.Controllers.LeaveRequestController - Fetching leave request with ID: ae8326aa-f225-41b4-bc17-0f74850ca5d7
2025-07-24 10:08:34,552 [.NET TP Worker] INFO  Microsoft.EntityFrameworkCore.Database.Command - Executed DbCommand (3ms) [Parameters=[@__key_0='?' (DbType = Guid)], CommandType='Text', CommandTimeout='30']
SELECT t2."Id", t2."CreatedAt", t2."DeletedAt", t2."EndDate", t2."IsDeleted", t2."LeaveTypeId", t2."Reason", t2."ReviewedById", t2."StartDate", t2."Status", t2."UpdatedAt", t2."UserId", t2."Id0", t2."CreatedAt0", t2."CreatedBy", t2."DeletedAt0", t2."Email", t2."Gender", t2."IsActive", t2."IsDeleted0", t2."LastLoginAt", t2."PasswordHash", t2."Role", t2."Username", t2."Id1", t2."CreatedAt1", t2."CreatedBy0", t2."DeletedAt1", t2."Description", t2."IsDeleted1", t2."Name", t2."StandardLeaveCount", t2."UpdatedAt0", t2."UpdatedBy", t2."Id2", t2."CreatedAt2", t2."CreatedBy1", t2."DeletedAt2", t2."Email0", t2."Gender0", t2."IsActive0", t2."IsDeleted2", t2."LastLoginAt0", t2."PasswordHash0", t2."Role0", t2."Username0", t3."Id", t3."DeletedAt", t3."FileContent", t3."FileName", t3."IsDeleted", t3."LeaveRequestId", t3."UploadedAt"
FROM (
    SELECT l."Id", l."CreatedAt", l."DeletedAt", l."EndDate", l."IsDeleted", l."LeaveTypeId", l."Reason", l."ReviewedById", l."StartDate", l."Status", l."UpdatedAt", l."UserId", t."Id" AS "Id0", t."CreatedAt" AS "CreatedAt0", t."CreatedBy", t."DeletedAt" AS "DeletedAt0", t."Email", t."Gender", t."IsActive", t."IsDeleted" AS "IsDeleted0", t."LastLoginAt", t."PasswordHash", t."Role", t."Username", t0."Id" AS "Id1", t0."CreatedAt" AS "CreatedAt1", t0."CreatedBy" AS "CreatedBy0", t0."DeletedAt" AS "DeletedAt1", t0."Description", t0."IsDeleted" AS "IsDeleted1", t0."Name", t0."StandardLeaveCount", t0."UpdatedAt" AS "UpdatedAt0", t0."UpdatedBy", t1."Id" AS "Id2", t1."CreatedAt" AS "CreatedAt2", t1."CreatedBy" AS "CreatedBy1", t1."DeletedAt" AS "DeletedAt2", t1."Email" AS "Email0", t1."Gender" AS "Gender0", t1."IsActive" AS "IsActive0", t1."IsDeleted" AS "IsDeleted2", t1."LastLoginAt" AS "LastLoginAt0", t1."PasswordHash" AS "PasswordHash0", t1."Role" AS "Role0", t1."Username" AS "Username0"
    FROM "LeaveRequests" AS l
    INNER JOIN (
        SELECT u."Id", u."CreatedAt", u."CreatedBy", u."DeletedAt", u."Email", u."Gender", u."IsActive", u."IsDeleted", u."LastLoginAt", u."PasswordHash", u."Role", u."Username"
        FROM "Users" AS u
        WHERE NOT (u."IsDeleted")
    ) AS t ON l."UserId" = t."Id"
    INNER JOIN (
        SELECT l0."Id", l0."CreatedAt", l0."CreatedBy", l0."DeletedAt", l0."Description", l0."IsDeleted", l0."Name", l0."StandardLeaveCount", l0."UpdatedAt", l0."UpdatedBy"
        FROM "LeaveTypes" AS l0
        WHERE NOT (l0."IsDeleted")
    ) AS t0 ON l."LeaveTypeId" = t0."Id"
    LEFT JOIN (
        SELECT u0."Id", u0."CreatedAt", u0."CreatedBy", u0."DeletedAt", u0."Email", u0."Gender", u0."IsActive", u0."IsDeleted", u0."LastLoginAt", u0."PasswordHash", u0."Role", u0."Username"
        FROM "Users" AS u0
        WHERE NOT (u0."IsDeleted")
    ) AS t1 ON l."ReviewedById" = t1."Id"
    WHERE NOT (l."IsDeleted") AND l."Id" = @__key_0
    LIMIT 1
) AS t2
LEFT JOIN (
    SELECT l1."Id", l1."DeletedAt", l1."FileContent", l1."FileName", l1."IsDeleted", l1."LeaveRequestId", l1."UploadedAt"
    FROM "LeaveAttachments" AS l1
    WHERE NOT (l1."IsDeleted")
) AS t3 ON t2."Id" = t3."LeaveRequestId"
ORDER BY t2."Id", t2."Id0", t2."Id1", t2."Id2"
2025-07-24 10:08:34,613 [.NET TP Worker] INFO  LeaveManagementSystem.Middlewares.ExceptionHandlingMiddleware - [Incoming Request] Timestamp: 2025-07-24T04:38:34.6137170Z, Method: GET, Path: /api/v1/leave-attachments/by-leave-request/ae8326aa-f225-41b4-bc17-0f74850ca5d7, User: Roopan
2025-07-24 10:08:34,616 [.NET TP Worker] INFO  LeaveManagementSystem.Controllers.LeaveAttachmentController - Fetching attachments for LeaveRequestId: ae8326aa-f225-41b4-bc17-0f74850ca5d7
2025-07-24 10:08:34,617 [.NET TP Worker] INFO  LeaveManagementSystem.Middlewares.ExceptionHandlingMiddleware - [Incoming Request] Timestamp: 2025-07-24T04:38:34.6179560Z, Method: GET, Path: /api/v1/leave-balance/user/394381f0-2817-4544-90f1-938149322be1/leaveType/0db4c90f-3394-4ad9-a850-a5435d9b2412, User: Roopan
2025-07-24 10:08:34,618 [.NET TP Worker] INFO  LeaveManagementSystem.Controllers.LeaveBalanceController - Fetching leave balance for user ID: 394381f0-2817-4544-90f1-938149322be1 and leave type ID: 0db4c90f-3394-4ad9-a850-a5435d9b2412
2025-07-24 10:08:34,630 [.NET TP Worker] INFO  LeaveManagementSystem.Middlewares.ExceptionHandlingMiddleware - [Incoming Request] Timestamp: 2025-07-24T04:38:34.6307900Z, Method: GET, Path: /api/v1/leave-requests/ae8326aa-f225-41b4-bc17-0f74850ca5d7/admin-override-comment, User: Roopan
2025-07-24 10:08:34,647 [.NET TP Worker] INFO  Microsoft.EntityFrameworkCore.Database.Command - Executed DbCommand (28ms) [Parameters=[@__key_0='?' (DbType = Guid)], CommandType='Text', CommandTimeout='30']
SELECT t2."Id", t2."CreatedAt", t2."DeletedAt", t2."EndDate", t2."IsDeleted", t2."LeaveTypeId", t2."Reason", t2."ReviewedById", t2."StartDate", t2."Status", t2."UpdatedAt", t2."UserId", t2."Id0", t2."CreatedAt0", t2."CreatedBy", t2."DeletedAt0", t2."Email", t2."Gender", t2."IsActive", t2."IsDeleted0", t2."LastLoginAt", t2."PasswordHash", t2."Role", t2."Username", t2."Id1", t2."CreatedAt1", t2."CreatedBy0", t2."DeletedAt1", t2."Description", t2."IsDeleted1", t2."Name", t2."StandardLeaveCount", t2."UpdatedAt0", t2."UpdatedBy", t2."Id2", t2."CreatedAt2", t2."CreatedBy1", t2."DeletedAt2", t2."Email0", t2."Gender0", t2."IsActive0", t2."IsDeleted2", t2."LastLoginAt0", t2."PasswordHash0", t2."Role0", t2."Username0", t3."Id", t3."DeletedAt", t3."FileContent", t3."FileName", t3."IsDeleted", t3."LeaveRequestId", t3."UploadedAt"
FROM (
    SELECT l."Id", l."CreatedAt", l."DeletedAt", l."EndDate", l."IsDeleted", l."LeaveTypeId", l."Reason", l."ReviewedById", l."StartDate", l."Status", l."UpdatedAt", l."UserId", t."Id" AS "Id0", t."CreatedAt" AS "CreatedAt0", t."CreatedBy", t."DeletedAt" AS "DeletedAt0", t."Email", t."Gender", t."IsActive", t."IsDeleted" AS "IsDeleted0", t."LastLoginAt", t."PasswordHash", t."Role", t."Username", t0."Id" AS "Id1", t0."CreatedAt" AS "CreatedAt1", t0."CreatedBy" AS "CreatedBy0", t0."DeletedAt" AS "DeletedAt1", t0."Description", t0."IsDeleted" AS "IsDeleted1", t0."Name", t0."StandardLeaveCount", t0."UpdatedAt" AS "UpdatedAt0", t0."UpdatedBy", t1."Id" AS "Id2", t1."CreatedAt" AS "CreatedAt2", t1."CreatedBy" AS "CreatedBy1", t1."DeletedAt" AS "DeletedAt2", t1."Email" AS "Email0", t1."Gender" AS "Gender0", t1."IsActive" AS "IsActive0", t1."IsDeleted" AS "IsDeleted2", t1."LastLoginAt" AS "LastLoginAt0", t1."PasswordHash" AS "PasswordHash0", t1."Role" AS "Role0", t1."Username" AS "Username0"
    FROM "LeaveRequests" AS l
    INNER JOIN (
        SELECT u."Id", u."CreatedAt", u."CreatedBy", u."DeletedAt", u."Email", u."Gender", u."IsActive", u."IsDeleted", u."LastLoginAt", u."PasswordHash", u."Role", u."Username"
        FROM "Users" AS u
        WHERE NOT (u."IsDeleted")
    ) AS t ON l."UserId" = t."Id"
    INNER JOIN (
        SELECT l0."Id", l0."CreatedAt", l0."CreatedBy", l0."DeletedAt", l0."Description", l0."IsDeleted", l0."Name", l0."StandardLeaveCount", l0."UpdatedAt", l0."UpdatedBy"
        FROM "LeaveTypes" AS l0
        WHERE NOT (l0."IsDeleted")
    ) AS t0 ON l."LeaveTypeId" = t0."Id"
    LEFT JOIN (
        SELECT u0."Id", u0."CreatedAt", u0."CreatedBy", u0."DeletedAt", u0."Email", u0."Gender", u0."IsActive", u0."IsDeleted", u0."LastLoginAt", u0."PasswordHash", u0."Role", u0."Username"
        FROM "Users" AS u0
        WHERE NOT (u0."IsDeleted")
    ) AS t1 ON l."ReviewedById" = t1."Id"
    WHERE NOT (l."IsDeleted") AND l."Id" = @__key_0
    LIMIT 1
) AS t2
LEFT JOIN (
    SELECT l1."Id", l1."DeletedAt", l1."FileContent", l1."FileName", l1."IsDeleted", l1."LeaveRequestId", l1."UploadedAt"
    FROM "LeaveAttachments" AS l1
    WHERE NOT (l1."IsDeleted")
) AS t3 ON t2."Id" = t3."LeaveRequestId"
ORDER BY t2."Id", t2."Id0", t2."Id1", t2."Id2"
2025-07-24 10:08:34,648 [.NET TP Worker] INFO  Microsoft.EntityFrameworkCore.Database.Command - Executed DbCommand (27ms) [Parameters=[@__key_0='?' (DbType = Guid)], CommandType='Text', CommandTimeout='30']
SELECT t."Id", t."CreatedAt", t."CreatedBy", t."DeletedAt", t."Email", t."Gender", t."IsActive", t."IsDeleted", t."LastLoginAt", t."PasswordHash", t."Role", t."Username", t0."Id", t0."LeaveTypeId", t0."TotalLeaves", t0."UsedLeaves", t0."UserId", t0."Id0", t0."CreatedAt", t0."CreatedBy", t0."DeletedAt", t0."Description", t0."IsDeleted", t0."Name", t0."StandardLeaveCount", t0."UpdatedAt", t0."UpdatedBy", t2."Id", t2."CreatedAt", t2."DeletedAt", t2."EndDate", t2."IsDeleted", t2."LeaveTypeId", t2."Reason", t2."ReviewedById", t2."StartDate", t2."Status", t2."UpdatedAt", t2."UserId", t2."Id0", t2."CreatedAt0", t2."CreatedBy", t2."DeletedAt0", t2."Description", t2."IsDeleted0", t2."Name", t2."StandardLeaveCount", t2."UpdatedAt0", t2."UpdatedBy", t2."Id1", t2."CreatedAt1", t2."CreatedBy0", t2."DeletedAt1", t2."Email", t2."Gender", t2."IsActive", t2."IsDeleted1", t2."LastLoginAt", t2."PasswordHash", t2."Role", t2."Username"
FROM (
    SELECT u."Id", u."CreatedAt", u."CreatedBy", u."DeletedAt", u."Email", u."Gender", u."IsActive", u."IsDeleted", u."LastLoginAt", u."PasswordHash", u."Role", u."Username"
    FROM "Users" AS u
    WHERE NOT (u."IsDeleted") AND u."Id" = @__key_0 AND NOT (u."IsDeleted")
    LIMIT 1
) AS t
LEFT JOIN (
    SELECT l."Id", l."LeaveTypeId", l."TotalLeaves", l."UsedLeaves", l."UserId", t1."Id" AS "Id0", t1."CreatedAt", t1."CreatedBy", t1."DeletedAt", t1."Description", t1."IsDeleted", t1."Name", t1."StandardLeaveCount", t1."UpdatedAt", t1."UpdatedBy"
    FROM "LeaveBalances" AS l
    INNER JOIN (
        SELECT l0."Id", l0."CreatedAt", l0."CreatedBy", l0."DeletedAt", l0."Description", l0."IsDeleted", l0."Name", l0."StandardLeaveCount", l0."UpdatedAt", l0."UpdatedBy"
        FROM "LeaveTypes" AS l0
        WHERE NOT (l0."IsDeleted")
    ) AS t1 ON l."LeaveTypeId" = t1."Id"
) AS t0 ON t."Id" = t0."UserId"
LEFT JOIN (
    SELECT l1."Id", l1."CreatedAt", l1."DeletedAt", l1."EndDate", l1."IsDeleted", l1."LeaveTypeId", l1."Reason", l1."ReviewedById", l1."StartDate", l1."Status", l1."UpdatedAt", l1."UserId", t3."Id" AS "Id0", t3."CreatedAt" AS "CreatedAt0", t3."CreatedBy", t3."DeletedAt" AS "DeletedAt0", t3."Description", t3."IsDeleted" AS "IsDeleted0", t3."Name", t3."StandardLeaveCount", t3."UpdatedAt" AS "UpdatedAt0", t3."UpdatedBy", t4."Id" AS "Id1", t4."CreatedAt" AS "CreatedAt1", t4."CreatedBy" AS "CreatedBy0", t4."DeletedAt" AS "DeletedAt1", t4."Email", t4."Gender", t4."IsActive", t4."IsDeleted" AS "IsDeleted1", t4."LastLoginAt", t4."PasswordHash", t4."Role", t4."Username"
    FROM "LeaveRequests" AS l1
    INNER JOIN (
        SELECT l2."Id", l2."CreatedAt", l2."CreatedBy", l2."DeletedAt", l2."Description", l2."IsDeleted", l2."Name", l2."StandardLeaveCount", l2."UpdatedAt", l2."UpdatedBy"
        FROM "LeaveTypes" AS l2
        WHERE NOT (l2."IsDeleted")
    ) AS t3 ON l1."LeaveTypeId" = t3."Id"
    LEFT JOIN (
        SELECT u0."Id", u0."CreatedAt", u0."CreatedBy", u0."DeletedAt", u0."Email", u0."Gender", u0."IsActive", u0."IsDeleted", u0."LastLoginAt", u0."PasswordHash", u0."Role", u0."Username"
        FROM "Users" AS u0
        WHERE NOT (u0."IsDeleted")
    ) AS t4 ON l1."ReviewedById" = t4."Id"
    WHERE NOT (l1."IsDeleted")
) AS t2 ON t."Id" = t2."UserId"
ORDER BY t."Id", t0."Id", t0."Id0", t2."Id", t2."Id0"
2025-07-24 10:08:34,704 [.NET TP Worker] INFO  Microsoft.EntityFrameworkCore.Database.Command - Executed DbCommand (56ms) [Parameters=[], CommandType='Text', CommandTimeout='30']
SELECT l."Id", l."DeletedAt", l."FileContent", l."FileName", l."IsDeleted", l."LeaveRequestId", l."UploadedAt", t."Id", t."CreatedAt", t."DeletedAt", t."EndDate", t."IsDeleted", t."LeaveTypeId", t."Reason", t."ReviewedById", t."StartDate", t."Status", t."UpdatedAt", t."UserId"
FROM "LeaveAttachments" AS l
INNER JOIN (
    SELECT l0."Id", l0."CreatedAt", l0."DeletedAt", l0."EndDate", l0."IsDeleted", l0."LeaveTypeId", l0."Reason", l0."ReviewedById", l0."StartDate", l0."Status", l0."UpdatedAt", l0."UserId"
    FROM "LeaveRequests" AS l0
    WHERE NOT (l0."IsDeleted")
) AS t ON l."LeaveRequestId" = t."Id"
WHERE NOT (l."IsDeleted")
2025-07-24 10:08:34,705 [.NET TP Worker] WARN  LeaveManagementSystem.Controllers.LeaveAttachmentController - No attachments found for LeaveRequestId: ae8326aa-f225-41b4-bc17-0f74850ca5d7
2025-07-24 10:08:34,720 [.NET TP Worker] INFO  Microsoft.EntityFrameworkCore.Database.Command - Executed DbCommand (4ms) [Parameters=[@__leaveRequestId_0='?' (DbType = Guid)], CommandType='Text', CommandTimeout='30']
SELECT l."Id", l."AdminId", l."Comment", l."CreatedAt", l."LeaveRequestId"
FROM "LeaveRequestComments" AS l
WHERE l."LeaveRequestId" = @__leaveRequestId_0 AND l."AdminId" <> '00000000-0000-0000-0000-000000000000'
ORDER BY l."CreatedAt" DESC
LIMIT 1
2025-07-24 10:09:05,541 [.NET TP Worker] INFO  LeaveManagementSystem.Middlewares.ExceptionHandlingMiddleware - [Incoming Request] Timestamp: 2025-07-24T04:39:05.5419080Z, Method: GET, Path: /api/v1/notifications/unread/0d1f064b-6d80-4978-a3db-f097e55ab15b, User: Roopan
2025-07-24 10:09:05,543 [.NET TP Worker] INFO  Microsoft.EntityFrameworkCore.Database.Command - Executed DbCommand (0ms) [Parameters=[], CommandType='Text', CommandTimeout='30']
SELECT n."Id", n."CreatedAt", n."DeletedAt", n."IsDeleted", n."IsRead", n."Message", n."ReadAt", n."RecipientId", n."ReviewedById"
FROM "Notifications" AS n
WHERE NOT (n."IsDeleted")
2025-07-24 10:09:05,565 [.NET TP Worker] INFO  LeaveManagementSystem.Middlewares.ExceptionHandlingMiddleware - [Incoming Request] Timestamp: 2025-07-24T04:39:05.5653250Z, Method: GET, Path: /api/v1/leave-requests/ae8326aa-f225-41b4-bc17-0f74850ca5d7, User: Roopan
2025-07-24 10:09:05,565 [.NET TP Worker] INFO  LeaveManagementSystem.Controllers.LeaveRequestController - Fetching leave request with ID: ae8326aa-f225-41b4-bc17-0f74850ca5d7
2025-07-24 10:09:05,568 [.NET TP Worker] INFO  Microsoft.EntityFrameworkCore.Database.Command - Executed DbCommand (2ms) [Parameters=[@__key_0='?' (DbType = Guid)], CommandType='Text', CommandTimeout='30']
SELECT t2."Id", t2."CreatedAt", t2."DeletedAt", t2."EndDate", t2."IsDeleted", t2."LeaveTypeId", t2."Reason", t2."ReviewedById", t2."StartDate", t2."Status", t2."UpdatedAt", t2."UserId", t2."Id0", t2."CreatedAt0", t2."CreatedBy", t2."DeletedAt0", t2."Email", t2."Gender", t2."IsActive", t2."IsDeleted0", t2."LastLoginAt", t2."PasswordHash", t2."Role", t2."Username", t2."Id1", t2."CreatedAt1", t2."CreatedBy0", t2."DeletedAt1", t2."Description", t2."IsDeleted1", t2."Name", t2."StandardLeaveCount", t2."UpdatedAt0", t2."UpdatedBy", t2."Id2", t2."CreatedAt2", t2."CreatedBy1", t2."DeletedAt2", t2."Email0", t2."Gender0", t2."IsActive0", t2."IsDeleted2", t2."LastLoginAt0", t2."PasswordHash0", t2."Role0", t2."Username0", t3."Id", t3."DeletedAt", t3."FileContent", t3."FileName", t3."IsDeleted", t3."LeaveRequestId", t3."UploadedAt"
FROM (
    SELECT l."Id", l."CreatedAt", l."DeletedAt", l."EndDate", l."IsDeleted", l."LeaveTypeId", l."Reason", l."ReviewedById", l."StartDate", l."Status", l."UpdatedAt", l."UserId", t."Id" AS "Id0", t."CreatedAt" AS "CreatedAt0", t."CreatedBy", t."DeletedAt" AS "DeletedAt0", t."Email", t."Gender", t."IsActive", t."IsDeleted" AS "IsDeleted0", t."LastLoginAt", t."PasswordHash", t."Role", t."Username", t0."Id" AS "Id1", t0."CreatedAt" AS "CreatedAt1", t0."CreatedBy" AS "CreatedBy0", t0."DeletedAt" AS "DeletedAt1", t0."Description", t0."IsDeleted" AS "IsDeleted1", t0."Name", t0."StandardLeaveCount", t0."UpdatedAt" AS "UpdatedAt0", t0."UpdatedBy", t1."Id" AS "Id2", t1."CreatedAt" AS "CreatedAt2", t1."CreatedBy" AS "CreatedBy1", t1."DeletedAt" AS "DeletedAt2", t1."Email" AS "Email0", t1."Gender" AS "Gender0", t1."IsActive" AS "IsActive0", t1."IsDeleted" AS "IsDeleted2", t1."LastLoginAt" AS "LastLoginAt0", t1."PasswordHash" AS "PasswordHash0", t1."Role" AS "Role0", t1."Username" AS "Username0"
    FROM "LeaveRequests" AS l
    INNER JOIN (
        SELECT u."Id", u."CreatedAt", u."CreatedBy", u."DeletedAt", u."Email", u."Gender", u."IsActive", u."IsDeleted", u."LastLoginAt", u."PasswordHash", u."Role", u."Username"
        FROM "Users" AS u
        WHERE NOT (u."IsDeleted")
    ) AS t ON l."UserId" = t."Id"
    INNER JOIN (
        SELECT l0."Id", l0."CreatedAt", l0."CreatedBy", l0."DeletedAt", l0."Description", l0."IsDeleted", l0."Name", l0."StandardLeaveCount", l0."UpdatedAt", l0."UpdatedBy"
        FROM "LeaveTypes" AS l0
        WHERE NOT (l0."IsDeleted")
    ) AS t0 ON l."LeaveTypeId" = t0."Id"
    LEFT JOIN (
        SELECT u0."Id", u0."CreatedAt", u0."CreatedBy", u0."DeletedAt", u0."Email", u0."Gender", u0."IsActive", u0."IsDeleted", u0."LastLoginAt", u0."PasswordHash", u0."Role", u0."Username"
        FROM "Users" AS u0
        WHERE NOT (u0."IsDeleted")
    ) AS t1 ON l."ReviewedById" = t1."Id"
    WHERE NOT (l."IsDeleted") AND l."Id" = @__key_0
    LIMIT 1
) AS t2
LEFT JOIN (
    SELECT l1."Id", l1."DeletedAt", l1."FileContent", l1."FileName", l1."IsDeleted", l1."LeaveRequestId", l1."UploadedAt"
    FROM "LeaveAttachments" AS l1
    WHERE NOT (l1."IsDeleted")
) AS t3 ON t2."Id" = t3."LeaveRequestId"
ORDER BY t2."Id", t2."Id0", t2."Id1", t2."Id2"
2025-07-24 10:09:05,584 [.NET TP Worker] INFO  LeaveManagementSystem.Middlewares.ExceptionHandlingMiddleware - [Incoming Request] Timestamp: 2025-07-24T04:39:05.5847770Z, Method: GET, Path: /api/v1/leave-requests/ae8326aa-f225-41b4-bc17-0f74850ca5d7/admin-override-comment, User: Roopan
2025-07-24 10:09:05,584 [.NET TP Worker] INFO  LeaveManagementSystem.Middlewares.ExceptionHandlingMiddleware - [Incoming Request] Timestamp: 2025-07-24T04:39:05.5847950Z, Method: GET, Path: /api/v1/leave-attachments/by-leave-request/ae8326aa-f225-41b4-bc17-0f74850ca5d7, User: Roopan
2025-07-24 10:09:05,584 [.NET TP Worker] INFO  LeaveManagementSystem.Middlewares.ExceptionHandlingMiddleware - [Incoming Request] Timestamp: 2025-07-24T04:39:05.5848020Z, Method: GET, Path: /api/v1/leave-balance/user/394381f0-2817-4544-90f1-938149322be1/leaveType/0db4c90f-3394-4ad9-a850-a5435d9b2412, User: Roopan
2025-07-24 10:09:05,585 [.NET TP Worker] INFO  LeaveManagementSystem.Controllers.LeaveBalanceController - Fetching leave balance for user ID: 394381f0-2817-4544-90f1-938149322be1 and leave type ID: 0db4c90f-3394-4ad9-a850-a5435d9b2412
2025-07-24 10:09:05,586 [.NET TP Worker] INFO  LeaveManagementSystem.Controllers.LeaveAttachmentController - Fetching attachments for LeaveRequestId: ae8326aa-f225-41b4-bc17-0f74850ca5d7
2025-07-24 10:09:05,587 [.NET TP Worker] INFO  Microsoft.EntityFrameworkCore.Database.Command - Executed DbCommand (1ms) [Parameters=[@__leaveRequestId_0='?' (DbType = Guid)], CommandType='Text', CommandTimeout='30']
SELECT l."Id", l."AdminId", l."Comment", l."CreatedAt", l."LeaveRequestId"
FROM "LeaveRequestComments" AS l
WHERE l."LeaveRequestId" = @__leaveRequestId_0 AND l."AdminId" <> '00000000-0000-0000-0000-000000000000'
ORDER BY l."CreatedAt" DESC
LIMIT 1
2025-07-24 10:09:05,590 [.NET TP Worker] INFO  Microsoft.EntityFrameworkCore.Database.Command - Executed DbCommand (3ms) [Parameters=[@__key_0='?' (DbType = Guid)], CommandType='Text', CommandTimeout='30']
SELECT t2."Id", t2."CreatedAt", t2."DeletedAt", t2."EndDate", t2."IsDeleted", t2."LeaveTypeId", t2."Reason", t2."ReviewedById", t2."StartDate", t2."Status", t2."UpdatedAt", t2."UserId", t2."Id0", t2."CreatedAt0", t2."CreatedBy", t2."DeletedAt0", t2."Email", t2."Gender", t2."IsActive", t2."IsDeleted0", t2."LastLoginAt", t2."PasswordHash", t2."Role", t2."Username", t2."Id1", t2."CreatedAt1", t2."CreatedBy0", t2."DeletedAt1", t2."Description", t2."IsDeleted1", t2."Name", t2."StandardLeaveCount", t2."UpdatedAt0", t2."UpdatedBy", t2."Id2", t2."CreatedAt2", t2."CreatedBy1", t2."DeletedAt2", t2."Email0", t2."Gender0", t2."IsActive0", t2."IsDeleted2", t2."LastLoginAt0", t2."PasswordHash0", t2."Role0", t2."Username0", t3."Id", t3."DeletedAt", t3."FileContent", t3."FileName", t3."IsDeleted", t3."LeaveRequestId", t3."UploadedAt"
FROM (
    SELECT l."Id", l."CreatedAt", l."DeletedAt", l."EndDate", l."IsDeleted", l."LeaveTypeId", l."Reason", l."ReviewedById", l."StartDate", l."Status", l."UpdatedAt", l."UserId", t."Id" AS "Id0", t."CreatedAt" AS "CreatedAt0", t."CreatedBy", t."DeletedAt" AS "DeletedAt0", t."Email", t."Gender", t."IsActive", t."IsDeleted" AS "IsDeleted0", t."LastLoginAt", t."PasswordHash", t."Role", t."Username", t0."Id" AS "Id1", t0."CreatedAt" AS "CreatedAt1", t0."CreatedBy" AS "CreatedBy0", t0."DeletedAt" AS "DeletedAt1", t0."Description", t0."IsDeleted" AS "IsDeleted1", t0."Name", t0."StandardLeaveCount", t0."UpdatedAt" AS "UpdatedAt0", t0."UpdatedBy", t1."Id" AS "Id2", t1."CreatedAt" AS "CreatedAt2", t1."CreatedBy" AS "CreatedBy1", t1."DeletedAt" AS "DeletedAt2", t1."Email" AS "Email0", t1."Gender" AS "Gender0", t1."IsActive" AS "IsActive0", t1."IsDeleted" AS "IsDeleted2", t1."LastLoginAt" AS "LastLoginAt0", t1."PasswordHash" AS "PasswordHash0", t1."Role" AS "Role0", t1."Username" AS "Username0"
    FROM "LeaveRequests" AS l
    INNER JOIN (
        SELECT u."Id", u."CreatedAt", u."CreatedBy", u."DeletedAt", u."Email", u."Gender", u."IsActive", u."IsDeleted", u."LastLoginAt", u."PasswordHash", u."Role", u."Username"
        FROM "Users" AS u
        WHERE NOT (u."IsDeleted")
    ) AS t ON l."UserId" = t."Id"
    INNER JOIN (
        SELECT l0."Id", l0."CreatedAt", l0."CreatedBy", l0."DeletedAt", l0."Description", l0."IsDeleted", l0."Name", l0."StandardLeaveCount", l0."UpdatedAt", l0."UpdatedBy"
        FROM "LeaveTypes" AS l0
        WHERE NOT (l0."IsDeleted")
    ) AS t0 ON l."LeaveTypeId" = t0."Id"
    LEFT JOIN (
        SELECT u0."Id", u0."CreatedAt", u0."CreatedBy", u0."DeletedAt", u0."Email", u0."Gender", u0."IsActive", u0."IsDeleted", u0."LastLoginAt", u0."PasswordHash", u0."Role", u0."Username"
        FROM "Users" AS u0
        WHERE NOT (u0."IsDeleted")
    ) AS t1 ON l."ReviewedById" = t1."Id"
    WHERE NOT (l."IsDeleted") AND l."Id" = @__key_0
    LIMIT 1
) AS t2
LEFT JOIN (
    SELECT l1."Id", l1."DeletedAt", l1."FileContent", l1."FileName", l1."IsDeleted", l1."LeaveRequestId", l1."UploadedAt"
    FROM "LeaveAttachments" AS l1
    WHERE NOT (l1."IsDeleted")
) AS t3 ON t2."Id" = t3."LeaveRequestId"
ORDER BY t2."Id", t2."Id0", t2."Id1", t2."Id2"
2025-07-24 10:09:05,592 [.NET TP Worker] INFO  Microsoft.EntityFrameworkCore.Database.Command - Executed DbCommand (1ms) [Parameters=[], CommandType='Text', CommandTimeout='30']
SELECT l."Id", l."DeletedAt", l."FileContent", l."FileName", l."IsDeleted", l."LeaveRequestId", l."UploadedAt", t."Id", t."CreatedAt", t."DeletedAt", t."EndDate", t."IsDeleted", t."LeaveTypeId", t."Reason", t."ReviewedById", t."StartDate", t."Status", t."UpdatedAt", t."UserId"
FROM "LeaveAttachments" AS l
INNER JOIN (
    SELECT l0."Id", l0."CreatedAt", l0."DeletedAt", l0."EndDate", l0."IsDeleted", l0."LeaveTypeId", l0."Reason", l0."ReviewedById", l0."StartDate", l0."Status", l0."UpdatedAt", l0."UserId"
    FROM "LeaveRequests" AS l0
    WHERE NOT (l0."IsDeleted")
) AS t ON l."LeaveRequestId" = t."Id"
WHERE NOT (l."IsDeleted")
2025-07-24 10:09:05,592 [.NET TP Worker] WARN  LeaveManagementSystem.Controllers.LeaveAttachmentController - No attachments found for LeaveRequestId: ae8326aa-f225-41b4-bc17-0f74850ca5d7
2025-07-24 10:09:05,593 [.NET TP Worker] INFO  Microsoft.EntityFrameworkCore.Database.Command - Executed DbCommand (8ms) [Parameters=[@__key_0='?' (DbType = Guid)], CommandType='Text', CommandTimeout='30']
SELECT t."Id", t."CreatedAt", t."CreatedBy", t."DeletedAt", t."Email", t."Gender", t."IsActive", t."IsDeleted", t."LastLoginAt", t."PasswordHash", t."Role", t."Username", t0."Id", t0."LeaveTypeId", t0."TotalLeaves", t0."UsedLeaves", t0."UserId", t0."Id0", t0."CreatedAt", t0."CreatedBy", t0."DeletedAt", t0."Description", t0."IsDeleted", t0."Name", t0."StandardLeaveCount", t0."UpdatedAt", t0."UpdatedBy", t2."Id", t2."CreatedAt", t2."DeletedAt", t2."EndDate", t2."IsDeleted", t2."LeaveTypeId", t2."Reason", t2."ReviewedById", t2."StartDate", t2."Status", t2."UpdatedAt", t2."UserId", t2."Id0", t2."CreatedAt0", t2."CreatedBy", t2."DeletedAt0", t2."Description", t2."IsDeleted0", t2."Name", t2."StandardLeaveCount", t2."UpdatedAt0", t2."UpdatedBy", t2."Id1", t2."CreatedAt1", t2."CreatedBy0", t2."DeletedAt1", t2."Email", t2."Gender", t2."IsActive", t2."IsDeleted1", t2."LastLoginAt", t2."PasswordHash", t2."Role", t2."Username"
FROM (
    SELECT u."Id", u."CreatedAt", u."CreatedBy", u."DeletedAt", u."Email", u."Gender", u."IsActive", u."IsDeleted", u."LastLoginAt", u."PasswordHash", u."Role", u."Username"
    FROM "Users" AS u
    WHERE NOT (u."IsDeleted") AND u."Id" = @__key_0 AND NOT (u."IsDeleted")
    LIMIT 1
) AS t
LEFT JOIN (
    SELECT l."Id", l."LeaveTypeId", l."TotalLeaves", l."UsedLeaves", l."UserId", t1."Id" AS "Id0", t1."CreatedAt", t1."CreatedBy", t1."DeletedAt", t1."Description", t1."IsDeleted", t1."Name", t1."StandardLeaveCount", t1."UpdatedAt", t1."UpdatedBy"
    FROM "LeaveBalances" AS l
    INNER JOIN (
        SELECT l0."Id", l0."CreatedAt", l0."CreatedBy", l0."DeletedAt", l0."Description", l0."IsDeleted", l0."Name", l0."StandardLeaveCount", l0."UpdatedAt", l0."UpdatedBy"
        FROM "LeaveTypes" AS l0
        WHERE NOT (l0."IsDeleted")
    ) AS t1 ON l."LeaveTypeId" = t1."Id"
) AS t0 ON t."Id" = t0."UserId"
LEFT JOIN (
    SELECT l1."Id", l1."CreatedAt", l1."DeletedAt", l1."EndDate", l1."IsDeleted", l1."LeaveTypeId", l1."Reason", l1."ReviewedById", l1."StartDate", l1."Status", l1."UpdatedAt", l1."UserId", t3."Id" AS "Id0", t3."CreatedAt" AS "CreatedAt0", t3."CreatedBy", t3."DeletedAt" AS "DeletedAt0", t3."Description", t3."IsDeleted" AS "IsDeleted0", t3."Name", t3."StandardLeaveCount", t3."UpdatedAt" AS "UpdatedAt0", t3."UpdatedBy", t4."Id" AS "Id1", t4."CreatedAt" AS "CreatedAt1", t4."CreatedBy" AS "CreatedBy0", t4."DeletedAt" AS "DeletedAt1", t4."Email", t4."Gender", t4."IsActive", t4."IsDeleted" AS "IsDeleted1", t4."LastLoginAt", t4."PasswordHash", t4."Role", t4."Username"
    FROM "LeaveRequests" AS l1
    INNER JOIN (
        SELECT l2."Id", l2."CreatedAt", l2."CreatedBy", l2."DeletedAt", l2."Description", l2."IsDeleted", l2."Name", l2."StandardLeaveCount", l2."UpdatedAt", l2."UpdatedBy"
        FROM "LeaveTypes" AS l2
        WHERE NOT (l2."IsDeleted")
    ) AS t3 ON l1."LeaveTypeId" = t3."Id"
    LEFT JOIN (
        SELECT u0."Id", u0."CreatedAt", u0."CreatedBy", u0."DeletedAt", u0."Email", u0."Gender", u0."IsActive", u0."IsDeleted", u0."LastLoginAt", u0."PasswordHash", u0."Role", u0."Username"
        FROM "Users" AS u0
        WHERE NOT (u0."IsDeleted")
    ) AS t4 ON l1."ReviewedById" = t4."Id"
    WHERE NOT (l1."IsDeleted")
) AS t2 ON t."Id" = t2."UserId"
ORDER BY t."Id", t0."Id", t0."Id0", t2."Id", t2."Id0"
2025-07-24 10:44:03,499 [.NET TP Worker] INFO  LeaveManagementSystem.Middlewares.ExceptionHandlingMiddleware - [Incoming Request] Timestamp: 2025-07-24T05:14:03.4990160Z, Method: GET, Path: /api/v1/notifications/unread/0d1f064b-6d80-4978-a3db-f097e55ab15b, User: Roopan
2025-07-24 10:44:03,521 [.NET TP Worker] INFO  LeaveManagementSystem.Middlewares.ExceptionHandlingMiddleware - [Incoming Request] Timestamp: 2025-07-24T05:14:03.5213650Z, Method: GET, Path: /api/v1/leave-requests/ae8326aa-f225-41b4-bc17-0f74850ca5d7, User: Roopan
2025-07-24 10:44:03,525 [.NET TP Worker] INFO  LeaveManagementSystem.Controllers.LeaveRequestController - Fetching leave request with ID: ae8326aa-f225-41b4-bc17-0f74850ca5d7
2025-07-24 10:44:03,568 [.NET TP Worker] INFO  Microsoft.EntityFrameworkCore.Database.Command - Executed DbCommand (4ms) [Parameters=[], CommandType='Text', CommandTimeout='30']
SELECT n."Id", n."CreatedAt", n."DeletedAt", n."IsDeleted", n."IsRead", n."Message", n."ReadAt", n."RecipientId", n."ReviewedById"
FROM "Notifications" AS n
WHERE NOT (n."IsDeleted")
2025-07-24 10:44:03,581 [.NET TP Worker] INFO  Microsoft.EntityFrameworkCore.Database.Command - Executed DbCommand (18ms) [Parameters=[@__key_0='?' (DbType = Guid)], CommandType='Text', CommandTimeout='30']
SELECT t2."Id", t2."CreatedAt", t2."DeletedAt", t2."EndDate", t2."IsDeleted", t2."LeaveTypeId", t2."Reason", t2."ReviewedById", t2."StartDate", t2."Status", t2."UpdatedAt", t2."UserId", t2."Id0", t2."CreatedAt0", t2."CreatedBy", t2."DeletedAt0", t2."Email", t2."Gender", t2."IsActive", t2."IsDeleted0", t2."LastLoginAt", t2."PasswordHash", t2."Role", t2."Username", t2."Id1", t2."CreatedAt1", t2."CreatedBy0", t2."DeletedAt1", t2."Description", t2."IsDeleted1", t2."Name", t2."StandardLeaveCount", t2."UpdatedAt0", t2."UpdatedBy", t2."Id2", t2."CreatedAt2", t2."CreatedBy1", t2."DeletedAt2", t2."Email0", t2."Gender0", t2."IsActive0", t2."IsDeleted2", t2."LastLoginAt0", t2."PasswordHash0", t2."Role0", t2."Username0", t3."Id", t3."DeletedAt", t3."FileContent", t3."FileName", t3."IsDeleted", t3."LeaveRequestId", t3."UploadedAt"
FROM (
    SELECT l."Id", l."CreatedAt", l."DeletedAt", l."EndDate", l."IsDeleted", l."LeaveTypeId", l."Reason", l."ReviewedById", l."StartDate", l."Status", l."UpdatedAt", l."UserId", t."Id" AS "Id0", t."CreatedAt" AS "CreatedAt0", t."CreatedBy", t."DeletedAt" AS "DeletedAt0", t."Email", t."Gender", t."IsActive", t."IsDeleted" AS "IsDeleted0", t."LastLoginAt", t."PasswordHash", t."Role", t."Username", t0."Id" AS "Id1", t0."CreatedAt" AS "CreatedAt1", t0."CreatedBy" AS "CreatedBy0", t0."DeletedAt" AS "DeletedAt1", t0."Description", t0."IsDeleted" AS "IsDeleted1", t0."Name", t0."StandardLeaveCount", t0."UpdatedAt" AS "UpdatedAt0", t0."UpdatedBy", t1."Id" AS "Id2", t1."CreatedAt" AS "CreatedAt2", t1."CreatedBy" AS "CreatedBy1", t1."DeletedAt" AS "DeletedAt2", t1."Email" AS "Email0", t1."Gender" AS "Gender0", t1."IsActive" AS "IsActive0", t1."IsDeleted" AS "IsDeleted2", t1."LastLoginAt" AS "LastLoginAt0", t1."PasswordHash" AS "PasswordHash0", t1."Role" AS "Role0", t1."Username" AS "Username0"
    FROM "LeaveRequests" AS l
    INNER JOIN (
        SELECT u."Id", u."CreatedAt", u."CreatedBy", u."DeletedAt", u."Email", u."Gender", u."IsActive", u."IsDeleted", u."LastLoginAt", u."PasswordHash", u."Role", u."Username"
        FROM "Users" AS u
        WHERE NOT (u."IsDeleted")
    ) AS t ON l."UserId" = t."Id"
    INNER JOIN (
        SELECT l0."Id", l0."CreatedAt", l0."CreatedBy", l0."DeletedAt", l0."Description", l0."IsDeleted", l0."Name", l0."StandardLeaveCount", l0."UpdatedAt", l0."UpdatedBy"
        FROM "LeaveTypes" AS l0
        WHERE NOT (l0."IsDeleted")
    ) AS t0 ON l."LeaveTypeId" = t0."Id"
    LEFT JOIN (
        SELECT u0."Id", u0."CreatedAt", u0."CreatedBy", u0."DeletedAt", u0."Email", u0."Gender", u0."IsActive", u0."IsDeleted", u0."LastLoginAt", u0."PasswordHash", u0."Role", u0."Username"
        FROM "Users" AS u0
        WHERE NOT (u0."IsDeleted")
    ) AS t1 ON l."ReviewedById" = t1."Id"
    WHERE NOT (l."IsDeleted") AND l."Id" = @__key_0
    LIMIT 1
) AS t2
LEFT JOIN (
    SELECT l1."Id", l1."DeletedAt", l1."FileContent", l1."FileName", l1."IsDeleted", l1."LeaveRequestId", l1."UploadedAt"
    FROM "LeaveAttachments" AS l1
    WHERE NOT (l1."IsDeleted")
) AS t3 ON t2."Id" = t3."LeaveRequestId"
ORDER BY t2."Id", t2."Id0", t2."Id1", t2."Id2"
2025-07-24 10:44:03,597 [.NET TP Worker] INFO  LeaveManagementSystem.Middlewares.ExceptionHandlingMiddleware - [Incoming Request] Timestamp: 2025-07-24T05:14:03.5978620Z, Method: GET, Path: /api/v1/leave-balance/user/394381f0-2817-4544-90f1-938149322be1/leaveType/0db4c90f-3394-4ad9-a850-a5435d9b2412, User: Roopan
2025-07-24 10:44:03,597 [.NET TP Worker] INFO  LeaveManagementSystem.Middlewares.ExceptionHandlingMiddleware - [Incoming Request] Timestamp: 2025-07-24T05:14:03.5979760Z, Method: GET, Path: /api/v1/leave-attachments/by-leave-request/ae8326aa-f225-41b4-bc17-0f74850ca5d7, User: Roopan
2025-07-24 10:44:03,598 [.NET TP Worker] INFO  LeaveManagementSystem.Middlewares.ExceptionHandlingMiddleware - [Incoming Request] Timestamp: 2025-07-24T05:14:03.5985490Z, Method: GET, Path: /api/v1/leave-requests/ae8326aa-f225-41b4-bc17-0f74850ca5d7/admin-override-comment, User: Roopan
2025-07-24 10:44:03,598 [.NET TP Worker] INFO  LeaveManagementSystem.Controllers.LeaveAttachmentController - Fetching attachments for LeaveRequestId: ae8326aa-f225-41b4-bc17-0f74850ca5d7
2025-07-24 10:44:03,598 [.NET TP Worker] INFO  LeaveManagementSystem.Controllers.LeaveBalanceController - Fetching leave balance for user ID: 394381f0-2817-4544-90f1-938149322be1 and leave type ID: 0db4c90f-3394-4ad9-a850-a5435d9b2412
2025-07-24 10:44:03,607 [.NET TP Worker] INFO  Microsoft.EntityFrameworkCore.Database.Command - Executed DbCommand (5ms) [Parameters=[@__key_0='?' (DbType = Guid)], CommandType='Text', CommandTimeout='30']
SELECT t."Id", t."CreatedAt", t."CreatedBy", t."DeletedAt", t."Email", t."Gender", t."IsActive", t."IsDeleted", t."LastLoginAt", t."PasswordHash", t."Role", t."Username", t0."Id", t0."LeaveTypeId", t0."TotalLeaves", t0."UsedLeaves", t0."UserId", t0."Id0", t0."CreatedAt", t0."CreatedBy", t0."DeletedAt", t0."Description", t0."IsDeleted", t0."Name", t0."StandardLeaveCount", t0."UpdatedAt", t0."UpdatedBy", t2."Id", t2."CreatedAt", t2."DeletedAt", t2."EndDate", t2."IsDeleted", t2."LeaveTypeId", t2."Reason", t2."ReviewedById", t2."StartDate", t2."Status", t2."UpdatedAt", t2."UserId", t2."Id0", t2."CreatedAt0", t2."CreatedBy", t2."DeletedAt0", t2."Description", t2."IsDeleted0", t2."Name", t2."StandardLeaveCount", t2."UpdatedAt0", t2."UpdatedBy", t2."Id1", t2."CreatedAt1", t2."CreatedBy0", t2."DeletedAt1", t2."Email", t2."Gender", t2."IsActive", t2."IsDeleted1", t2."LastLoginAt", t2."PasswordHash", t2."Role", t2."Username"
FROM (
    SELECT u."Id", u."CreatedAt", u."CreatedBy", u."DeletedAt", u."Email", u."Gender", u."IsActive", u."IsDeleted", u."LastLoginAt", u."PasswordHash", u."Role", u."Username"
    FROM "Users" AS u
    WHERE NOT (u."IsDeleted") AND u."Id" = @__key_0 AND NOT (u."IsDeleted")
    LIMIT 1
) AS t
LEFT JOIN (
    SELECT l."Id", l."LeaveTypeId", l."TotalLeaves", l."UsedLeaves", l."UserId", t1."Id" AS "Id0", t1."CreatedAt", t1."CreatedBy", t1."DeletedAt", t1."Description", t1."IsDeleted", t1."Name", t1."StandardLeaveCount", t1."UpdatedAt", t1."UpdatedBy"
    FROM "LeaveBalances" AS l
    INNER JOIN (
        SELECT l0."Id", l0."CreatedAt", l0."CreatedBy", l0."DeletedAt", l0."Description", l0."IsDeleted", l0."Name", l0."StandardLeaveCount", l0."UpdatedAt", l0."UpdatedBy"
        FROM "LeaveTypes" AS l0
        WHERE NOT (l0."IsDeleted")
    ) AS t1 ON l."LeaveTypeId" = t1."Id"
) AS t0 ON t."Id" = t0."UserId"
LEFT JOIN (
    SELECT l1."Id", l1."CreatedAt", l1."DeletedAt", l1."EndDate", l1."IsDeleted", l1."LeaveTypeId", l1."Reason", l1."ReviewedById", l1."StartDate", l1."Status", l1."UpdatedAt", l1."UserId", t3."Id" AS "Id0", t3."CreatedAt" AS "CreatedAt0", t3."CreatedBy", t3."DeletedAt" AS "DeletedAt0", t3."Description", t3."IsDeleted" AS "IsDeleted0", t3."Name", t3."StandardLeaveCount", t3."UpdatedAt" AS "UpdatedAt0", t3."UpdatedBy", t4."Id" AS "Id1", t4."CreatedAt" AS "CreatedAt1", t4."CreatedBy" AS "CreatedBy0", t4."DeletedAt" AS "DeletedAt1", t4."Email", t4."Gender", t4."IsActive", t4."IsDeleted" AS "IsDeleted1", t4."LastLoginAt", t4."PasswordHash", t4."Role", t4."Username"
    FROM "LeaveRequests" AS l1
    INNER JOIN (
        SELECT l2."Id", l2."CreatedAt", l2."CreatedBy", l2."DeletedAt", l2."Description", l2."IsDeleted", l2."Name", l2."StandardLeaveCount", l2."UpdatedAt", l2."UpdatedBy"
        FROM "LeaveTypes" AS l2
        WHERE NOT (l2."IsDeleted")
    ) AS t3 ON l1."LeaveTypeId" = t3."Id"
    LEFT JOIN (
        SELECT u0."Id", u0."CreatedAt", u0."CreatedBy", u0."DeletedAt", u0."Email", u0."Gender", u0."IsActive", u0."IsDeleted", u0."LastLoginAt", u0."PasswordHash", u0."Role", u0."Username"
        FROM "Users" AS u0
        WHERE NOT (u0."IsDeleted")
    ) AS t4 ON l1."ReviewedById" = t4."Id"
    WHERE NOT (l1."IsDeleted")
) AS t2 ON t."Id" = t2."UserId"
ORDER BY t."Id", t0."Id", t0."Id0", t2."Id", t2."Id0"
2025-07-24 10:44:03,609 [.NET TP Worker] INFO  Microsoft.EntityFrameworkCore.Database.Command - Executed DbCommand (9ms) [Parameters=[@__key_0='?' (DbType = Guid)], CommandType='Text', CommandTimeout='30']
SELECT t2."Id", t2."CreatedAt", t2."DeletedAt", t2."EndDate", t2."IsDeleted", t2."LeaveTypeId", t2."Reason", t2."ReviewedById", t2."StartDate", t2."Status", t2."UpdatedAt", t2."UserId", t2."Id0", t2."CreatedAt0", t2."CreatedBy", t2."DeletedAt0", t2."Email", t2."Gender", t2."IsActive", t2."IsDeleted0", t2."LastLoginAt", t2."PasswordHash", t2."Role", t2."Username", t2."Id1", t2."CreatedAt1", t2."CreatedBy0", t2."DeletedAt1", t2."Description", t2."IsDeleted1", t2."Name", t2."StandardLeaveCount", t2."UpdatedAt0", t2."UpdatedBy", t2."Id2", t2."CreatedAt2", t2."CreatedBy1", t2."DeletedAt2", t2."Email0", t2."Gender0", t2."IsActive0", t2."IsDeleted2", t2."LastLoginAt0", t2."PasswordHash0", t2."Role0", t2."Username0", t3."Id", t3."DeletedAt", t3."FileContent", t3."FileName", t3."IsDeleted", t3."LeaveRequestId", t3."UploadedAt"
FROM (
    SELECT l."Id", l."CreatedAt", l."DeletedAt", l."EndDate", l."IsDeleted", l."LeaveTypeId", l."Reason", l."ReviewedById", l."StartDate", l."Status", l."UpdatedAt", l."UserId", t."Id" AS "Id0", t."CreatedAt" AS "CreatedAt0", t."CreatedBy", t."DeletedAt" AS "DeletedAt0", t."Email", t."Gender", t."IsActive", t."IsDeleted" AS "IsDeleted0", t."LastLoginAt", t."PasswordHash", t."Role", t."Username", t0."Id" AS "Id1", t0."CreatedAt" AS "CreatedAt1", t0."CreatedBy" AS "CreatedBy0", t0."DeletedAt" AS "DeletedAt1", t0."Description", t0."IsDeleted" AS "IsDeleted1", t0."Name", t0."StandardLeaveCount", t0."UpdatedAt" AS "UpdatedAt0", t0."UpdatedBy", t1."Id" AS "Id2", t1."CreatedAt" AS "CreatedAt2", t1."CreatedBy" AS "CreatedBy1", t1."DeletedAt" AS "DeletedAt2", t1."Email" AS "Email0", t1."Gender" AS "Gender0", t1."IsActive" AS "IsActive0", t1."IsDeleted" AS "IsDeleted2", t1."LastLoginAt" AS "LastLoginAt0", t1."PasswordHash" AS "PasswordHash0", t1."Role" AS "Role0", t1."Username" AS "Username0"
    FROM "LeaveRequests" AS l
    INNER JOIN (
        SELECT u."Id", u."CreatedAt", u."CreatedBy", u."DeletedAt", u."Email", u."Gender", u."IsActive", u."IsDeleted", u."LastLoginAt", u."PasswordHash", u."Role", u."Username"
        FROM "Users" AS u
        WHERE NOT (u."IsDeleted")
    ) AS t ON l."UserId" = t."Id"
    INNER JOIN (
        SELECT l0."Id", l0."CreatedAt", l0."CreatedBy", l0."DeletedAt", l0."Description", l0."IsDeleted", l0."Name", l0."StandardLeaveCount", l0."UpdatedAt", l0."UpdatedBy"
        FROM "LeaveTypes" AS l0
        WHERE NOT (l0."IsDeleted")
    ) AS t0 ON l."LeaveTypeId" = t0."Id"
    LEFT JOIN (
        SELECT u0."Id", u0."CreatedAt", u0."CreatedBy", u0."DeletedAt", u0."Email", u0."Gender", u0."IsActive", u0."IsDeleted", u0."LastLoginAt", u0."PasswordHash", u0."Role", u0."Username"
        FROM "Users" AS u0
        WHERE NOT (u0."IsDeleted")
    ) AS t1 ON l."ReviewedById" = t1."Id"
    WHERE NOT (l."IsDeleted") AND l."Id" = @__key_0
    LIMIT 1
) AS t2
LEFT JOIN (
    SELECT l1."Id", l1."DeletedAt", l1."FileContent", l1."FileName", l1."IsDeleted", l1."LeaveRequestId", l1."UploadedAt"
    FROM "LeaveAttachments" AS l1
    WHERE NOT (l1."IsDeleted")
) AS t3 ON t2."Id" = t3."LeaveRequestId"
ORDER BY t2."Id", t2."Id0", t2."Id1", t2."Id2"
2025-07-24 10:44:03,612 [.NET TP Worker] INFO  Microsoft.EntityFrameworkCore.Database.Command - Executed DbCommand (1ms) [Parameters=[], CommandType='Text', CommandTimeout='30']
SELECT l."Id", l."DeletedAt", l."FileContent", l."FileName", l."IsDeleted", l."LeaveRequestId", l."UploadedAt", t."Id", t."CreatedAt", t."DeletedAt", t."EndDate", t."IsDeleted", t."LeaveTypeId", t."Reason", t."ReviewedById", t."StartDate", t."Status", t."UpdatedAt", t."UserId"
FROM "LeaveAttachments" AS l
INNER JOIN (
    SELECT l0."Id", l0."CreatedAt", l0."DeletedAt", l0."EndDate", l0."IsDeleted", l0."LeaveTypeId", l0."Reason", l0."ReviewedById", l0."StartDate", l0."Status", l0."UpdatedAt", l0."UserId"
    FROM "LeaveRequests" AS l0
    WHERE NOT (l0."IsDeleted")
) AS t ON l."LeaveRequestId" = t."Id"
WHERE NOT (l."IsDeleted")
2025-07-24 10:44:03,612 [.NET TP Worker] WARN  LeaveManagementSystem.Controllers.LeaveAttachmentController - No attachments found for LeaveRequestId: ae8326aa-f225-41b4-bc17-0f74850ca5d7
2025-07-24 10:44:03,641 [.NET TP Worker] INFO  Microsoft.EntityFrameworkCore.Database.Command - Executed DbCommand (26ms) [Parameters=[@__leaveRequestId_0='?' (DbType = Guid)], CommandType='Text', CommandTimeout='30']
SELECT l."Id", l."AdminId", l."Comment", l."CreatedAt", l."LeaveRequestId"
FROM "LeaveRequestComments" AS l
WHERE l."LeaveRequestId" = @__leaveRequestId_0 AND l."AdminId" <> '00000000-0000-0000-0000-000000000000'
ORDER BY l."CreatedAt" DESC
LIMIT 1
2025-07-24 13:18:32,432 [.NET TP Worker] INFO  LeaveManagementSystem.Middlewares.ExceptionHandlingMiddleware - [Incoming Request] Timestamp: 2025-07-24T07:48:32.4320120Z, Method: GET, Path: /api/v1/notifications/unread/0d1f064b-6d80-4978-a3db-f097e55ab15b, User: Anonymous
2025-07-24 13:18:32,619 [.NET TP Worker] INFO  LeaveManagementSystem.Middlewares.ExceptionHandlingMiddleware - [Incoming Request] Timestamp: 2025-07-24T07:48:32.6199620Z, Method: POST, Path: /api/v1/auth/refresh, User: Anonymous
2025-07-24 13:18:32,640 [.NET TP Worker] INFO  Microsoft.EntityFrameworkCore.Database.Command - Executed DbCommand (12ms) [Parameters=[], CommandType='Text', CommandTimeout='30']
SELECT n."Id", n."CreatedAt", n."DeletedAt", n."IsDeleted", n."IsRead", n."Message", n."ReadAt", n."RecipientId", n."ReviewedById"
FROM "Notifications" AS n
WHERE NOT (n."IsDeleted")
2025-07-24 13:18:32,655 [.NET TP Worker] INFO  Microsoft.EntityFrameworkCore.Database.Command - Executed DbCommand (4ms) [Parameters=[@__token_0='?'], CommandType='Text', CommandTimeout='30']
SELECT r."Id", r."ExpiresAt", r."IsRevoked", r."Token", r."UserId", t."Id", t."CreatedAt", t."CreatedBy", t."DeletedAt", t."Email", t."Gender", t."IsActive", t."IsDeleted", t."LastLoginAt", t."PasswordHash", t."Role", t."Username"
FROM "RefreshTokens" AS r
INNER JOIN (
    SELECT u."Id", u."CreatedAt", u."CreatedBy", u."DeletedAt", u."Email", u."Gender", u."IsActive", u."IsDeleted", u."LastLoginAt", u."PasswordHash", u."Role", u."Username"
    FROM "Users" AS u
    WHERE NOT (u."IsDeleted")
) AS t ON r."UserId" = t."Id"
WHERE r."Token" = @__token_0 AND NOT (r."IsRevoked")
LIMIT 1
2025-07-24 13:18:32,669 [.NET TP Worker] INFO  Microsoft.EntityFrameworkCore.Database.Command - Executed DbCommand (1ms) [Parameters=[@__key_0='?' (DbType = Guid)], CommandType='Text', CommandTimeout='30']
SELECT r."Id", r."ExpiresAt", r."IsRevoked", r."Token", r."UserId", t."Id", t."CreatedAt", t."CreatedBy", t."DeletedAt", t."Email", t."Gender", t."IsActive", t."IsDeleted", t."LastLoginAt", t."PasswordHash", t."Role", t."Username"
FROM "RefreshTokens" AS r
INNER JOIN (
    SELECT u."Id", u."CreatedAt", u."CreatedBy", u."DeletedAt", u."Email", u."Gender", u."IsActive", u."IsDeleted", u."LastLoginAt", u."PasswordHash", u."Role", u."Username"
    FROM "Users" AS u
    WHERE NOT (u."IsDeleted")
) AS t ON r."UserId" = t."Id"
WHERE r."Id" = @__key_0
LIMIT 1
2025-07-24 13:18:32,699 [.NET TP Worker] INFO  Microsoft.EntityFrameworkCore.Database.Command - Executed DbCommand (17ms) [Parameters=[@p1='?' (DbType = Guid), @p0='?' (DbType = Boolean)], CommandType='Text', CommandTimeout='30']
UPDATE "RefreshTokens" SET "IsRevoked" = @p0
WHERE "Id" = @p1;
2025-07-24 13:18:32,714 [.NET TP Worker] INFO  Microsoft.EntityFrameworkCore.Database.Command - Executed DbCommand (11ms) [Parameters=[@p0='?' (DbType = Guid), @p1='?' (DbType = DateTime), @p2='?' (DbType = Boolean), @p3='?', @p4='?' (DbType = Guid)], CommandType='Text', CommandTimeout='30']
INSERT INTO "RefreshTokens" ("Id", "ExpiresAt", "IsRevoked", "Token", "UserId")
VALUES (@p0, @p1, @p2, @p3, @p4);
2025-07-24 13:18:32,714 [.NET TP Worker] INFO  LeaveManagementSystem.Services.AuthenticationService - Refresh token used to generate new access token for roovis2003@gmail.com
2025-07-24 13:18:32,714 [.NET TP Worker] INFO  LeaveManagementSystem.Controllers.AuthenticationController - Refresh token generated successfully.
2025-07-24 13:18:32,719 [.NET TP Worker] INFO  LeaveManagementSystem.Middlewares.ExceptionHandlingMiddleware - [Incoming Request] Timestamp: 2025-07-24T07:48:32.7197420Z, Method: GET, Path: /api/v1/leave-requests/ae8326aa-f225-41b4-bc17-0f74850ca5d7, User: Roopan
2025-07-24 13:18:32,720 [.NET TP Worker] INFO  LeaveManagementSystem.Controllers.LeaveRequestController - Fetching leave request with ID: ae8326aa-f225-41b4-bc17-0f74850ca5d7
2025-07-24 13:18:32,724 [.NET TP Worker] INFO  Microsoft.EntityFrameworkCore.Database.Command - Executed DbCommand (4ms) [Parameters=[@__key_0='?' (DbType = Guid)], CommandType='Text', CommandTimeout='30']
SELECT t2."Id", t2."CreatedAt", t2."DeletedAt", t2."EndDate", t2."IsDeleted", t2."LeaveTypeId", t2."Reason", t2."ReviewedById", t2."StartDate", t2."Status", t2."UpdatedAt", t2."UserId", t2."Id0", t2."CreatedAt0", t2."CreatedBy", t2."DeletedAt0", t2."Email", t2."Gender", t2."IsActive", t2."IsDeleted0", t2."LastLoginAt", t2."PasswordHash", t2."Role", t2."Username", t2."Id1", t2."CreatedAt1", t2."CreatedBy0", t2."DeletedAt1", t2."Description", t2."IsDeleted1", t2."Name", t2."StandardLeaveCount", t2."UpdatedAt0", t2."UpdatedBy", t2."Id2", t2."CreatedAt2", t2."CreatedBy1", t2."DeletedAt2", t2."Email0", t2."Gender0", t2."IsActive0", t2."IsDeleted2", t2."LastLoginAt0", t2."PasswordHash0", t2."Role0", t2."Username0", t3."Id", t3."DeletedAt", t3."FileContent", t3."FileName", t3."IsDeleted", t3."LeaveRequestId", t3."UploadedAt"
FROM (
    SELECT l."Id", l."CreatedAt", l."DeletedAt", l."EndDate", l."IsDeleted", l."LeaveTypeId", l."Reason", l."ReviewedById", l."StartDate", l."Status", l."UpdatedAt", l."UserId", t."Id" AS "Id0", t."CreatedAt" AS "CreatedAt0", t."CreatedBy", t."DeletedAt" AS "DeletedAt0", t."Email", t."Gender", t."IsActive", t."IsDeleted" AS "IsDeleted0", t."LastLoginAt", t."PasswordHash", t."Role", t."Username", t0."Id" AS "Id1", t0."CreatedAt" AS "CreatedAt1", t0."CreatedBy" AS "CreatedBy0", t0."DeletedAt" AS "DeletedAt1", t0."Description", t0."IsDeleted" AS "IsDeleted1", t0."Name", t0."StandardLeaveCount", t0."UpdatedAt" AS "UpdatedAt0", t0."UpdatedBy", t1."Id" AS "Id2", t1."CreatedAt" AS "CreatedAt2", t1."CreatedBy" AS "CreatedBy1", t1."DeletedAt" AS "DeletedAt2", t1."Email" AS "Email0", t1."Gender" AS "Gender0", t1."IsActive" AS "IsActive0", t1."IsDeleted" AS "IsDeleted2", t1."LastLoginAt" AS "LastLoginAt0", t1."PasswordHash" AS "PasswordHash0", t1."Role" AS "Role0", t1."Username" AS "Username0"
    FROM "LeaveRequests" AS l
    INNER JOIN (
        SELECT u."Id", u."CreatedAt", u."CreatedBy", u."DeletedAt", u."Email", u."Gender", u."IsActive", u."IsDeleted", u."LastLoginAt", u."PasswordHash", u."Role", u."Username"
        FROM "Users" AS u
        WHERE NOT (u."IsDeleted")
    ) AS t ON l."UserId" = t."Id"
    INNER JOIN (
        SELECT l0."Id", l0."CreatedAt", l0."CreatedBy", l0."DeletedAt", l0."Description", l0."IsDeleted", l0."Name", l0."StandardLeaveCount", l0."UpdatedAt", l0."UpdatedBy"
        FROM "LeaveTypes" AS l0
        WHERE NOT (l0."IsDeleted")
    ) AS t0 ON l."LeaveTypeId" = t0."Id"
    LEFT JOIN (
        SELECT u0."Id", u0."CreatedAt", u0."CreatedBy", u0."DeletedAt", u0."Email", u0."Gender", u0."IsActive", u0."IsDeleted", u0."LastLoginAt", u0."PasswordHash", u0."Role", u0."Username"
        FROM "Users" AS u0
        WHERE NOT (u0."IsDeleted")
    ) AS t1 ON l."ReviewedById" = t1."Id"
    WHERE NOT (l."IsDeleted") AND l."Id" = @__key_0
    LIMIT 1
) AS t2
LEFT JOIN (
    SELECT l1."Id", l1."DeletedAt", l1."FileContent", l1."FileName", l1."IsDeleted", l1."LeaveRequestId", l1."UploadedAt"
    FROM "LeaveAttachments" AS l1
    WHERE NOT (l1."IsDeleted")
) AS t3 ON t2."Id" = t3."LeaveRequestId"
ORDER BY t2."Id", t2."Id0", t2."Id1", t2."Id2"
2025-07-24 13:18:32,732 [.NET TP Worker] INFO  LeaveManagementSystem.Middlewares.ExceptionHandlingMiddleware - [Incoming Request] Timestamp: 2025-07-24T07:48:32.7326940Z, Method: GET, Path: /api/v1/leave-attachments/by-leave-request/ae8326aa-f225-41b4-bc17-0f74850ca5d7, User: Roopan
2025-07-24 13:18:32,732 [.NET TP Worker] INFO  LeaveManagementSystem.Middlewares.ExceptionHandlingMiddleware - [Incoming Request] Timestamp: 2025-07-24T07:48:32.7329330Z, Method: GET, Path: /api/v1/leave-balance/user/394381f0-2817-4544-90f1-938149322be1/leaveType/0db4c90f-3394-4ad9-a850-a5435d9b2412, User: Roopan
2025-07-24 13:18:32,732 [.NET TP Worker] INFO  LeaveManagementSystem.Middlewares.ExceptionHandlingMiddleware - [Incoming Request] Timestamp: 2025-07-24T07:48:32.7329330Z, Method: GET, Path: /api/v1/leave-requests/ae8326aa-f225-41b4-bc17-0f74850ca5d7/admin-override-comment, User: Roopan
2025-07-24 13:18:32,733 [.NET TP Worker] INFO  LeaveManagementSystem.Controllers.LeaveAttachmentController - Fetching attachments for LeaveRequestId: ae8326aa-f225-41b4-bc17-0f74850ca5d7
2025-07-24 13:18:32,733 [.NET TP Worker] INFO  LeaveManagementSystem.Controllers.LeaveBalanceController - Fetching leave balance for user ID: 394381f0-2817-4544-90f1-938149322be1 and leave type ID: 0db4c90f-3394-4ad9-a850-a5435d9b2412
2025-07-24 13:18:32,739 [.NET TP Worker] INFO  Microsoft.EntityFrameworkCore.Database.Command - Executed DbCommand (6ms) [Parameters=[@__leaveRequestId_0='?' (DbType = Guid)], CommandType='Text', CommandTimeout='30']
SELECT l."Id", l."AdminId", l."Comment", l."CreatedAt", l."LeaveRequestId"
FROM "LeaveRequestComments" AS l
WHERE l."LeaveRequestId" = @__leaveRequestId_0 AND l."AdminId" <> '00000000-0000-0000-0000-000000000000'
ORDER BY l."CreatedAt" DESC
LIMIT 1
2025-07-24 13:18:32,748 [.NET TP Worker] INFO  Microsoft.EntityFrameworkCore.Database.Command - Executed DbCommand (5ms) [Parameters=[@__key_0='?' (DbType = Guid)], CommandType='Text', CommandTimeout='30']
SELECT t2."Id", t2."CreatedAt", t2."DeletedAt", t2."EndDate", t2."IsDeleted", t2."LeaveTypeId", t2."Reason", t2."ReviewedById", t2."StartDate", t2."Status", t2."UpdatedAt", t2."UserId", t2."Id0", t2."CreatedAt0", t2."CreatedBy", t2."DeletedAt0", t2."Email", t2."Gender", t2."IsActive", t2."IsDeleted0", t2."LastLoginAt", t2."PasswordHash", t2."Role", t2."Username", t2."Id1", t2."CreatedAt1", t2."CreatedBy0", t2."DeletedAt1", t2."Description", t2."IsDeleted1", t2."Name", t2."StandardLeaveCount", t2."UpdatedAt0", t2."UpdatedBy", t2."Id2", t2."CreatedAt2", t2."CreatedBy1", t2."DeletedAt2", t2."Email0", t2."Gender0", t2."IsActive0", t2."IsDeleted2", t2."LastLoginAt0", t2."PasswordHash0", t2."Role0", t2."Username0", t3."Id", t3."DeletedAt", t3."FileContent", t3."FileName", t3."IsDeleted", t3."LeaveRequestId", t3."UploadedAt"
FROM (
    SELECT l."Id", l."CreatedAt", l."DeletedAt", l."EndDate", l."IsDeleted", l."LeaveTypeId", l."Reason", l."ReviewedById", l."StartDate", l."Status", l."UpdatedAt", l."UserId", t."Id" AS "Id0", t."CreatedAt" AS "CreatedAt0", t."CreatedBy", t."DeletedAt" AS "DeletedAt0", t."Email", t."Gender", t."IsActive", t."IsDeleted" AS "IsDeleted0", t."LastLoginAt", t."PasswordHash", t."Role", t."Username", t0."Id" AS "Id1", t0."CreatedAt" AS "CreatedAt1", t0."CreatedBy" AS "CreatedBy0", t0."DeletedAt" AS "DeletedAt1", t0."Description", t0."IsDeleted" AS "IsDeleted1", t0."Name", t0."StandardLeaveCount", t0."UpdatedAt" AS "UpdatedAt0", t0."UpdatedBy", t1."Id" AS "Id2", t1."CreatedAt" AS "CreatedAt2", t1."CreatedBy" AS "CreatedBy1", t1."DeletedAt" AS "DeletedAt2", t1."Email" AS "Email0", t1."Gender" AS "Gender0", t1."IsActive" AS "IsActive0", t1."IsDeleted" AS "IsDeleted2", t1."LastLoginAt" AS "LastLoginAt0", t1."PasswordHash" AS "PasswordHash0", t1."Role" AS "Role0", t1."Username" AS "Username0"
    FROM "LeaveRequests" AS l
    INNER JOIN (
        SELECT u."Id", u."CreatedAt", u."CreatedBy", u."DeletedAt", u."Email", u."Gender", u."IsActive", u."IsDeleted", u."LastLoginAt", u."PasswordHash", u."Role", u."Username"
        FROM "Users" AS u
        WHERE NOT (u."IsDeleted")
    ) AS t ON l."UserId" = t."Id"
    INNER JOIN (
        SELECT l0."Id", l0."CreatedAt", l0."CreatedBy", l0."DeletedAt", l0."Description", l0."IsDeleted", l0."Name", l0."StandardLeaveCount", l0."UpdatedAt", l0."UpdatedBy"
        FROM "LeaveTypes" AS l0
        WHERE NOT (l0."IsDeleted")
    ) AS t0 ON l."LeaveTypeId" = t0."Id"
    LEFT JOIN (
        SELECT u0."Id", u0."CreatedAt", u0."CreatedBy", u0."DeletedAt", u0."Email", u0."Gender", u0."IsActive", u0."IsDeleted", u0."LastLoginAt", u0."PasswordHash", u0."Role", u0."Username"
        FROM "Users" AS u0
        WHERE NOT (u0."IsDeleted")
    ) AS t1 ON l."ReviewedById" = t1."Id"
    WHERE NOT (l."IsDeleted") AND l."Id" = @__key_0
    LIMIT 1
) AS t2
LEFT JOIN (
    SELECT l1."Id", l1."DeletedAt", l1."FileContent", l1."FileName", l1."IsDeleted", l1."LeaveRequestId", l1."UploadedAt"
    FROM "LeaveAttachments" AS l1
    WHERE NOT (l1."IsDeleted")
) AS t3 ON t2."Id" = t3."LeaveRequestId"
ORDER BY t2."Id", t2."Id0", t2."Id1", t2."Id2"
2025-07-24 13:18:32,749 [.NET TP Worker] INFO  Microsoft.EntityFrameworkCore.Database.Command - Executed DbCommand (5ms) [Parameters=[@__key_0='?' (DbType = Guid)], CommandType='Text', CommandTimeout='30']
SELECT t."Id", t."CreatedAt", t."CreatedBy", t."DeletedAt", t."Email", t."Gender", t."IsActive", t."IsDeleted", t."LastLoginAt", t."PasswordHash", t."Role", t."Username", t0."Id", t0."LeaveTypeId", t0."TotalLeaves", t0."UsedLeaves", t0."UserId", t0."Id0", t0."CreatedAt", t0."CreatedBy", t0."DeletedAt", t0."Description", t0."IsDeleted", t0."Name", t0."StandardLeaveCount", t0."UpdatedAt", t0."UpdatedBy", t2."Id", t2."CreatedAt", t2."DeletedAt", t2."EndDate", t2."IsDeleted", t2."LeaveTypeId", t2."Reason", t2."ReviewedById", t2."StartDate", t2."Status", t2."UpdatedAt", t2."UserId", t2."Id0", t2."CreatedAt0", t2."CreatedBy", t2."DeletedAt0", t2."Description", t2."IsDeleted0", t2."Name", t2."StandardLeaveCount", t2."UpdatedAt0", t2."UpdatedBy", t2."Id1", t2."CreatedAt1", t2."CreatedBy0", t2."DeletedAt1", t2."Email", t2."Gender", t2."IsActive", t2."IsDeleted1", t2."LastLoginAt", t2."PasswordHash", t2."Role", t2."Username"
FROM (
    SELECT u."Id", u."CreatedAt", u."CreatedBy", u."DeletedAt", u."Email", u."Gender", u."IsActive", u."IsDeleted", u."LastLoginAt", u."PasswordHash", u."Role", u."Username"
    FROM "Users" AS u
    WHERE NOT (u."IsDeleted") AND u."Id" = @__key_0 AND NOT (u."IsDeleted")
    LIMIT 1
) AS t
LEFT JOIN (
    SELECT l."Id", l."LeaveTypeId", l."TotalLeaves", l."UsedLeaves", l."UserId", t1."Id" AS "Id0", t1."CreatedAt", t1."CreatedBy", t1."DeletedAt", t1."Description", t1."IsDeleted", t1."Name", t1."StandardLeaveCount", t1."UpdatedAt", t1."UpdatedBy"
    FROM "LeaveBalances" AS l
    INNER JOIN (
        SELECT l0."Id", l0."CreatedAt", l0."CreatedBy", l0."DeletedAt", l0."Description", l0."IsDeleted", l0."Name", l0."StandardLeaveCount", l0."UpdatedAt", l0."UpdatedBy"
        FROM "LeaveTypes" AS l0
        WHERE NOT (l0."IsDeleted")
    ) AS t1 ON l."LeaveTypeId" = t1."Id"
) AS t0 ON t."Id" = t0."UserId"
LEFT JOIN (
    SELECT l1."Id", l1."CreatedAt", l1."DeletedAt", l1."EndDate", l1."IsDeleted", l1."LeaveTypeId", l1."Reason", l1."ReviewedById", l1."StartDate", l1."Status", l1."UpdatedAt", l1."UserId", t3."Id" AS "Id0", t3."CreatedAt" AS "CreatedAt0", t3."CreatedBy", t3."DeletedAt" AS "DeletedAt0", t3."Description", t3."IsDeleted" AS "IsDeleted0", t3."Name", t3."StandardLeaveCount", t3."UpdatedAt" AS "UpdatedAt0", t3."UpdatedBy", t4."Id" AS "Id1", t4."CreatedAt" AS "CreatedAt1", t4."CreatedBy" AS "CreatedBy0", t4."DeletedAt" AS "DeletedAt1", t4."Email", t4."Gender", t4."IsActive", t4."IsDeleted" AS "IsDeleted1", t4."LastLoginAt", t4."PasswordHash", t4."Role", t4."Username"
    FROM "LeaveRequests" AS l1
    INNER JOIN (
        SELECT l2."Id", l2."CreatedAt", l2."CreatedBy", l2."DeletedAt", l2."Description", l2."IsDeleted", l2."Name", l2."StandardLeaveCount", l2."UpdatedAt", l2."UpdatedBy"
        FROM "LeaveTypes" AS l2
        WHERE NOT (l2."IsDeleted")
    ) AS t3 ON l1."LeaveTypeId" = t3."Id"
    LEFT JOIN (
        SELECT u0."Id", u0."CreatedAt", u0."CreatedBy", u0."DeletedAt", u0."Email", u0."Gender", u0."IsActive", u0."IsDeleted", u0."LastLoginAt", u0."PasswordHash", u0."Role", u0."Username"
        FROM "Users" AS u0
        WHERE NOT (u0."IsDeleted")
    ) AS t4 ON l1."ReviewedById" = t4."Id"
    WHERE NOT (l1."IsDeleted")
) AS t2 ON t."Id" = t2."UserId"
ORDER BY t."Id", t0."Id", t0."Id0", t2."Id", t2."Id0"
2025-07-24 13:18:32,750 [.NET TP Worker] INFO  Microsoft.EntityFrameworkCore.Database.Command - Executed DbCommand (1ms) [Parameters=[], CommandType='Text', CommandTimeout='30']
SELECT l."Id", l."DeletedAt", l."FileContent", l."FileName", l."IsDeleted", l."LeaveRequestId", l."UploadedAt", t."Id", t."CreatedAt", t."DeletedAt", t."EndDate", t."IsDeleted", t."LeaveTypeId", t."Reason", t."ReviewedById", t."StartDate", t."Status", t."UpdatedAt", t."UserId"
FROM "LeaveAttachments" AS l
INNER JOIN (
    SELECT l0."Id", l0."CreatedAt", l0."DeletedAt", l0."EndDate", l0."IsDeleted", l0."LeaveTypeId", l0."Reason", l0."ReviewedById", l0."StartDate", l0."Status", l0."UpdatedAt", l0."UserId"
    FROM "LeaveRequests" AS l0
    WHERE NOT (l0."IsDeleted")
) AS t ON l."LeaveRequestId" = t."Id"
WHERE NOT (l."IsDeleted")
2025-07-24 13:18:32,750 [.NET TP Worker] WARN  LeaveManagementSystem.Controllers.LeaveAttachmentController - No attachments found for LeaveRequestId: ae8326aa-f225-41b4-bc17-0f74850ca5d7
2025-07-24 16:41:49,209 [.NET TP Worker] INFO  LeaveManagementSystem.Middlewares.ExceptionHandlingMiddleware - [Incoming Request] Timestamp: 2025-07-24T11:11:49.2093030Z, Method: GET, Path: /api/v1/notifications/unread/0d1f064b-6d80-4978-a3db-f097e55ab15b, User: Anonymous
2025-07-24 16:41:49,252 [.NET TP Worker] INFO  LeaveManagementSystem.Middlewares.ExceptionHandlingMiddleware - [Incoming Request] Timestamp: 2025-07-24T11:11:49.2522640Z, Method: POST, Path: /api/v1/auth/refresh, User: Anonymous
2025-07-24 16:41:49,253 [.NET TP Worker] INFO  Microsoft.EntityFrameworkCore.Database.Command - Executed DbCommand (17ms) [Parameters=[], CommandType='Text', CommandTimeout='30']
SELECT n."Id", n."CreatedAt", n."DeletedAt", n."IsDeleted", n."IsRead", n."Message", n."ReadAt", n."RecipientId", n."ReviewedById"
FROM "Notifications" AS n
WHERE NOT (n."IsDeleted")
2025-07-24 16:41:49,288 [.NET TP Worker] INFO  Microsoft.EntityFrameworkCore.Database.Command - Executed DbCommand (23ms) [Parameters=[@__token_0='?'], CommandType='Text', CommandTimeout='30']
SELECT r."Id", r."ExpiresAt", r."IsRevoked", r."Token", r."UserId", t."Id", t."CreatedAt", t."CreatedBy", t."DeletedAt", t."Email", t."Gender", t."IsActive", t."IsDeleted", t."LastLoginAt", t."PasswordHash", t."Role", t."Username"
FROM "RefreshTokens" AS r
INNER JOIN (
    SELECT u."Id", u."CreatedAt", u."CreatedBy", u."DeletedAt", u."Email", u."Gender", u."IsActive", u."IsDeleted", u."LastLoginAt", u."PasswordHash", u."Role", u."Username"
    FROM "Users" AS u
    WHERE NOT (u."IsDeleted")
) AS t ON r."UserId" = t."Id"
WHERE r."Token" = @__token_0 AND NOT (r."IsRevoked")
LIMIT 1
2025-07-24 16:41:49,288 [.NET TP Worker] WARN  LeaveManagementSystem.Services.AuthenticationService - Invalid or expired refresh token
2025-07-24 16:41:49,328 [.NET TP Worker] WARN  LeaveManagementSystem.Controllers.AuthenticationController - Invalid refresh token attempt.
Microsoft.IdentityModel.Tokens.SecurityTokenException: Invalid or expired refresh token
   at LeaveManagementSystem.Services.AuthenticationService.RefreshTokenAsync(String refreshToken) in /Users/roopanvishnu/Documents/GensparkTraining/Training/15-07/LeaveManagementSystem-Final/LeaveManagementSystem-With-Notification/LeaveManagementSystem/Services/AuthenticationService.cs:line 74
   at LeaveManagementSystem.Controllers.AuthenticationController.RefreshToken(RefreshRequest refreshRequest) in /Users/roopanvishnu/Documents/GensparkTraining/Training/15-07/LeaveManagementSystem-Final/LeaveManagementSystem-With-Notification/LeaveManagementSystem/Controllers/AuthenticationController.cs:line 64
